 studio-preview

 Timestamp is 6a507bea (Fri Jul 10 06:58:18 2026)

 Preferred load address is 00400000

 Start         Length     Name                   Class
 0001:00000000 00171df3H .text$mn                CODE
 0002:00000000 00000588H .idata$5                DATA
 0002:00000588 00000008H .00cfg                  DATA
 0002:00000590 00000004H .CRT$XCA                DATA
 0002:00000594 00000004H .CRT$XCAA               DATA
 0002:00000598 00000004H .CRT$XCZ                DATA
 0002:0000059c 00000004H .CRT$XIA                DATA
 0002:000005a0 00000004H .CRT$XIAA               DATA
 0002:000005a4 00000004H .CRT$XIAC               DATA
 0002:000005a8 00000004H .CRT$XIZ                DATA
 0002:000005ac 00000004H .CRT$XPA                DATA
 0002:000005b0 00000004H .CRT$XPZ                DATA
 0002:000005b4 00000004H .CRT$XTA                DATA
 0002:000005b8 00000008H .CRT$XTZ                DATA
 0002:000005bc 00000000H .gfids$y                DATA
 0002:000005c0 00008a00H .rdata                  DATA
 0002:00008fc0 00000000H .rdata$CastGuardVftablesA DATA
 0002:00008fc0 00000000H .rdata$CastGuardVftablesC DATA
 0002:00008fc0 00000004H .rdata$sxdata           DATA
 0002:00008fc4 00000e24H .rdata$voltmd           DATA
 0002:00009de8 00000244H .rdata$zzzdbg           DATA
 0002:0000a02c 00000004H .rtc$IAA                DATA
 0002:0000a030 00000004H .rtc$IZZ                DATA
 0002:0000a034 00000004H .rtc$TAA                DATA
 0002:0000a038 00000008H .rtc$TZZ                DATA
 0002:0000a040 0000003cH .xdata$x                DATA
 0002:0000a07c 00000000H .edata                  DATA
 0002:0000a07c 0000017cH .idata$2                DATA
 0002:0000a1f8 00000014H .idata$3                DATA
 0002:0000a20c 00000588H .idata$4                DATA
 0002:0000a794 000013aeH .idata$6                DATA
 0003:00000000 002c5200H .data                   DATA
 0003:002c5200 15f6ebacH .bss                    DATA

  Address         Publics by Value              Rva+Base       Lib:Object

 0000:00000000       ___AbsoluteZero            00000000     <absolute>
 0000:00000000       ___arm64x_extra_rfe_table  00000000     <absolute>
 0000:00000000       ___arm64x_extra_rfe_table_size 00000000     <absolute>
 0000:00000000       ___arm64x_native_entrypoint 00000000     <absolute>
 0000:00000000       ___arm64x_redirection_metadata 00000000     <absolute>
 0000:00000000       ___arm64x_redirection_metadata_count 00000000     <absolute>
 0000:00000000       ___dynamic_value_reloc_table 00000000     <absolute>
 0000:00000000       ___enclave_config          00000000     <absolute>
 0000:00000000       ___guard_check_icall_a64n_fptr 00000000     <absolute>
 0000:00000000       ___guard_eh_cont_count     00000000     <absolute>
 0000:00000000       ___guard_eh_cont_table     00000000     <absolute>
 0000:00000000       ___guard_fids_count        00000000     <absolute>
 0000:00000000       ___guard_fids_table        00000000     <absolute>
 0000:00000000       ___guard_iat_count         00000000     <absolute>
 0000:00000000       ___guard_iat_table         00000000     <absolute>
 0000:00000000       ___guard_longjmp_count     00000000     <absolute>
 0000:00000000       ___guard_longjmp_table     00000000     <absolute>
 0000:00000000       ___hybrid_auxiliary_delayload_iat 00000000     <absolute>
 0000:00000000       ___hybrid_auxiliary_delayload_iat_copy 00000000     <absolute>
 0000:00000000       ___hybrid_auxiliary_iat    00000000     <absolute>
 0000:00000000       ___hybrid_auxiliary_iat_copy 00000000     <absolute>
 0000:00000000       ___hybrid_code_map         00000000     <absolute>
 0000:00000000       ___hybrid_code_map_count   00000000     <absolute>
 0000:00000000       ___hybrid_image_info_bitfield 00000000     <absolute>
 0000:00000000       ___x64_code_ranges_to_entry_points 00000000     <absolute>
 0000:00000000       ___x64_code_ranges_to_entry_points_count 00000000     <absolute>
 0000:00000001       ___safe_se_handler_count   00000001     <absolute>
 0000:00000100       ___guard_flags             00000100     <absolute>
 0000:00000000       ___ImageBase               00400000     <linker-defined>
 0001:00000030       _InitFmPoly                00401030 f   2dpolys.obj
 0001:000001e0       _KillUsedFmPoly            004011e0 f   2dpolys.obj
 0001:000004e0       _FindFreeFmPoly            004014e0 f   2dpolys.obj
 0001:00000580       _FmPolyProcess             00401580 f   2dpolys.obj
 0001:00008610       _InitFmPolyTPages          00409610 f   2dpolys.obj
 0001:00008650       _AddFmPolyToTPage          00409650 f   2dpolys.obj
 0001:000086f0       _RemoveFmPolyFromTPage     004096f0 f   2dpolys.obj
 0001:000087f0       _DisplayGroupClippedFmPolys 004097f0 f   2dpolys.obj
 0001:00008870       _DisplayGroupUnclippedFmPolys 00409870 f   2dpolys.obj
 0001:000088f0       _FmPolyDispGroupClipped    004098f0 f   2dpolys.obj
 0001:00009c70       _FmPolyDispGroupUnclipped  0040ac70 f   2dpolys.obj
 0001:0000afb0       _SaveFmPolys               0040bfb0 f   2dpolys.obj
 0001:0000b4d0       _LoadFmPolys               0040c4d0 f   2dpolys.obj
 0001:0000bb60       _FadeColour                0040cb60 f   2dpolys.obj
 0001:0000bbf0       _Load_Off_File             0040cbf0 f   2dtextures.obj
 0001:0000c270       _Load_All_Off_Files        0040d270 f   2dtextures.obj
 0001:0000c4b0       _Free_All_Off_Files        0040d4b0 f   2dtextures.obj
 0001:0000c530       _GetTPage                  0040d530 f   2dtextures.obj
 0001:0000c590       _Get_Frm_Info_Index        0040d590 f   2dtextures.obj
 0001:0000c5f0       _Get_Frm_Info_Address      0040d5f0 f   2dtextures.obj
 0001:0000c610       _EnableOffFile             0040d610 f   2dtextures.obj
 0001:0000c660       _DisableOffFile            0040d660 f   2dtextures.obj
 0001:0000c6b0       _EnableRelevantOffFiles    0040d6b0 f   2dtextures.obj
 0001:0000c8c0       _EnableRelevantFontOffFiles 0040d8c0 f   2dtextures.obj
 0001:0000c990       ___local_stdio_printf_options 0040d990 f i 2dtextures.obj
 0001:0000c9a0       __vsnprintf_l              0040d9a0 f i 2dtextures.obj
 0001:0000ca00       __vsprintf_l               0040da00 f i 2dtextures.obj
 0001:0000ca20       _sprintf                   0040da20 f i 2dtextures.obj
 0001:0000ca60       _AI_AIR_DEATH_CRASHANDBURN 0040da60 f   aicrashandburn.obj
 0001:0000cd70       _AI_AIR_DOGFIGHT           0040dd70 f   aidogfight.obj
 0001:0000d8e0       _AI_EXOGENON_IDLE          0040e8e0 f   aiexogenon.obj
 0001:0000da90       _AI_EXOGENON_MOVEDOWN      0040ea90 f   aiexogenon.obj
 0001:0000dc50       _AI_EXOGENON_FIRE          0040ec50 f   aiexogenon.obj
 0001:0000def0       _AI_EXOGENON_MOVEUP        0040eef0 f   aiexogenon.obj
 0001:0000df60       _AI_EXOGENON_SCAN          0040ef60 f   aiexogenon.obj
 0001:0000e030       _AI_EXOGENON_SWEEP         0040f030 f   aiexogenon.obj
 0001:0000e100       _ExogenonAim               0040f100 f   aiexogenon.obj
 0001:0000e170       _ExogenonFireLeftRight     0040f170 f   aiexogenon.obj
 0001:0000e320       _AI_TURRET_FIREATTARGET    0040f320 f   aifire.obj
 0001:0000e4c0       _AI_UPDATEGUNS             0040f4c0 f   aifire.obj
 0001:0000f0e0       _AI_FLESHMORPH_IDLE        004100e0 f   aifleshmorph.obj
 0001:0000f290       _AI_FLESHMORPH_MOVEFORWARDS 00410290 f   aifleshmorph.obj
 0001:0000f370       _AI_FLESHMORPH_STOPFORWARD 00410370 f   aifleshmorph.obj
 0001:0000f8b0       _AI_FLESHMORPH_MOVEBACKWARDS 004108b0 f   aifleshmorph.obj
 0001:0000f9b0       _AI_FLESHMORPH_STOPBACKWARD 004109b0 f   aifleshmorph.obj
 0001:0000fab0       _AI_FLESHMORPH_RANDOMFIREBALL 00410ab0 f   aifleshmorph.obj
 0001:0000fdb0       _AI_AIR_FOLLOWPATH         00410db0 f   aifollow.obj
 0001:000104e0       _AI_CRAWL_FOLLOWPATH       004114e0 f   aifollow.obj
 0001:00010860       _AI_AIR_FORMATION          00411860 f   aiformation.obj
 0001:00011190       _AI_LITTLEGEEK_FORMATION   00412190 f   aiformation.obj
 0001:000113a0       _AI_AIR_IDLE               004123a0 f   aiidle.obj
 0001:00011430       _AI_TURRET_IDLE            00412430 f   aiidle.obj
 0001:00011520       _AI_CRAWL_IDLE             00412520 f   aiidle.obj
 0001:000115c0       _AI_AIR_KILLMINE           004125c0 f   aikillmine.obj
 0001:00011990       _AI_GetDistToNearestTarget 00412990 f   ailib.obj
 0001:00011b20       _AI_InViewCone             00412b20 f   ailib.obj
 0001:00011bf0       _AI_ClearLOS               00412bf0 f   ailib.obj
 0001:00011c90       _AI_ClearLOSNonZero        00412c90 f   ailib.obj
 0001:00011d20       _AI_ClearLOSNonZeroNonObject 00412d20 f   ailib.obj
 0001:00011dd0       _AI_SetIDLE                00412dd0 f   ailib.obj
 0001:00011e40       _AI_SetSCAN                00412e40 f   ailib.obj
 0001:00011e90       _AI_SetMOVETOTARGET        00412e90 f   ailib.obj
 0001:00011ed0       _AI_SetFIREATTARGET        00412ed0 f   ailib.obj
 0001:00011f10       _AI_AimAtTarget            00412f10 f   ailib.obj
 0001:00012140       _AI_GetNearestNODETarget   00413140 f   ailib.obj
 0001:00012260       _AI_SetMOVEFOLLOWPATH      00413260 f   ailib.obj
 0001:000122a0       _AI_LookAhead              004132a0 f   ailib.obj
 0001:000124a0       _AI_SetFOLLOWPATH          004134a0 f   ailib.obj
 0001:000124f0       _AI_SetDOGFIGHT            004134f0 f   ailib.obj
 0001:00012540       _AI_SetKILLMINE            00413540 f   ailib.obj
 0001:00012580       _AI_GetNearestMINETarget   00413580 f   ailib.obj
 0001:00012690       _AI_SetRETREAT             00413690 f   ailib.obj
 0001:000126d0       _AI_SetFORMATION           004136d0 f   ailib.obj
 0001:00012710       _AI_GetNearestSHIPTargetInAnyGROUP 00413710 f   ailib.obj
 0001:000127d0       _AI_AIR                    004137d0 f   aimain.obj
 0001:00012800       _AI_TURRET                 00413800 f   aimain.obj
 0001:00012830       _AI_CRAWL                  00413830 f   aimain.obj
 0001:00012860       _AI_THINK                  00413860 f   aimain.obj
 0001:00013040       _AI_AVOIDCHECK             00414040 f   aimain.obj
 0001:00013820       _AI_SPLINE                 00414820 f   aimain.obj
 0001:00013850       _AI_EXOGENON               00414850 f   aimain.obj
 0001:00013880       _AI_LITTLEGEEK             00414880 f   aimain.obj
 0001:000138b0       _AI_FLESHMORPH             004148b0 f   aimain.obj
 0001:00013920       _Enemy2EnemyFriendlyFireCheck 00414920 f   aimain.obj
 0001:00013a50       _AI_AIR_MOVETOTARGET       00414a50 f   aimovet.obj
 0001:00013f70       _AI_AIR_DEATH_PINGOFF      00414f70 f   aipingoff.obj
 0001:000142b0       _AI_AIR_DEATH_PSYCHO       004152b0 f   aipsycho.obj
 0001:000145f0       _AI_AIR_RETREAT            004155f0 f   airetreat.obj
 0001:00014ac0       _AI_AIR_SCAN               00415ac0 f   aiscan.obj
 0001:00014c90       _AI_TURRET_SCAN            00415c90 f   aiscan.obj
 0001:00014e20       _AI_CRAWL_SCAN             00415e20 f   aiscan.obj
 0001:00014eb0       _AI_DO_SCAN                00415eb0 f   aiscan.obj
 0001:00015020       _AI_SPLINE_FOLLOWPATH      00416020 f   aispline.obj
 0001:00015560       _InitBGObjects             00416560 f   bgobjects.obj
 0001:00015690       _FindFreeBGObject          00416690 f   bgobjects.obj
 0001:00015720       _KillUsedBGObject          00416720 f   bgobjects.obj
 0001:00015880       _ProcessBGObjects          00416880 f   bgobjects.obj
 0001:00016910       _KillAllBGObjects          00417910 f   bgobjects.obj
 0001:00016950       _ChangeBGState             00417950 f   bgobjects.obj
 0001:00017090       _PreLoadBGOFiles           00418090 f   bgobjects.obj
 0001:000179d0       _LoadBGOFiles              004189d0 f   bgobjects.obj
 0001:00017dc0       _LoadBGObjectData          00418dc0 f   bgobjects.obj
 0001:00018770       _UpdateBGObject            00419770 f   bgobjects.obj
 0001:000187f0       _UndoBGObjectAnim          004197f0 f   bgobjects.obj
 0001:00018850       _OpenDoor                  00419850 f   bgobjects.obj
 0001:000188b0       _CloseDoor                 004198b0 f   bgobjects.obj
 0001:00018900       _LockDoor                  00419900 f   bgobjects.obj
 0001:00018930       _UnlockDoor                00419930 f   bgobjects.obj
 0001:00018960       _StartBGOAnim              00419960 f   bgobjects.obj
 0001:00018a80       _StopBGOAnim               00419a80 f   bgobjects.obj
 0001:00018af0       _ShowAllColZones           00419af0 f   bgobjects.obj
 0001:00018be0       _CreateBoundingBox         00419be0 f   bgobjects.obj
 0001:00019060       _CalcObjectRadius          0041a060 f   bgobjects.obj
 0001:000193a0       _CheckBGObjectToEnemies    0041a3a0 f   bgobjects.obj
 0001:00019610       _CheckBGObjectToPickups    0041a610 f   bgobjects.obj
 0001:000198d0       _CheckBGObjectToMines      0041a8d0 f   bgobjects.obj
 0001:000199e0       _ExplodeChildren           0041a9e0 f   bgobjects.obj
 0001:0001a040       _SaveBGObjects             0041b040 f   bgobjects.obj
 0001:0001a9d0       _LoadBGObjects             0041b9d0 f   bgobjects.obj
 0001:0001b550       _PreLoadShips              0041c550 f   bgobjects.obj
 0001:0001b730       _AllocateCompShip          0041c730 f   bgobjects.obj
 0001:0001b940       _RequestDoorTypeSFX        0041c940 f   bgobjects.obj
 0001:0001ba70       _StartOrChangeDoorSoundFX  0041ca70 f   bgobjects.obj
 0001:0001bca0       _PreLoadFlyGirl            0041cca0 f   bgobjects.obj
 0001:0001bd80       _AllocateCompFlyGirl       0041cd80 f   bgobjects.obj
 0001:0001bed0       _UpdateFlyGirl             0041ced0 f   bgobjects.obj
 0001:0001bfa0       _ReleaseFlyGirl            0041cfa0 f   bgobjects.obj
 0001:0001bff0       _UpdateBGObjectsClipGroup  0041cff0 f   bgobjects.obj
 0001:0001c0f0       _Bspfree                   0041d0f0 f   bsp.obj
 0001:0001c2a0       _Bspload                   0041d2a0 f   bsp.obj
 0001:0001c420       _RayCollide                0041d420 f   bsp.obj
 0001:0001c5a0       _PointInsideSkin           0041d5a0 f   bsp.obj
 0001:0001c620       _FindCollision             0041d620 f   bsp.obj
 0001:0001cbb0       _Bsp_Duplicate             0041dbb0 f   bsp.obj
 0001:0001cc70       _Bsp_Identical             0041dc70 f   bsp.obj
 0001:0001d1d0       _PISDistRecursive          0041e1d0 f   bsp.obj
 0001:0001d2d0       _CameraRelease             0041e2d0 f   camera.obj
 0001:0001d320       _Cameraload                0041e320 f   camera.obj
 0001:0001d640       _EnableRemoteCamera        0041e640 f   camera.obj
 0001:0001d680       _DisableRemoteCamera       0041e680 f   camera.obj
 0001:0001d6d0       _SaveRemoteCameras         0041e6d0 f   camera.obj
 0001:0001d730       _LoadRemoteCameras         0041e730 f   camera.obj
 0001:0001d7f0       _ColDotProduct             0041e7f0 f   collision.obj
 0001:0001d840       _MCload                    0041e840 f   collision.obj
 0001:0001d850       _ColRayPolyIntersect       0041e850 f   collision.obj
 0001:0001dc80       _RayPolyIntersect          0041ec80 f   collision.obj
 0001:0001e310       _BackgroundCollide         0041f310 f   collision.obj
 0001:0001e9f0       _BackgroundCollideOneGroup 0041f9f0 f   collision.obj
 0001:0001ee50       _MoveGroup                 0041fe50 f   collision.obj
 0001:0001f080       _OneGroupPolyCol           00420080 f   collision.obj
 0001:0001f810       _OneGroupPortalCol         00420810 f   collision.obj
 0001:0001fa80       _AmIOutsideGroup           00420a80 f   collision.obj
 0001:0001fbe0       _CheckBGObjectsCol         00420be0 f   collision.obj
 0001:0001ff80       _OneGroupBGObjectCol       00420f80 f   collision.obj
 0001:000200a0       _CheckBGObjectCollision    004210a0 f   collision.obj
 0001:000202c0       _CollideBGOToCompObjChildren 004212c0 f   collision.obj
 0001:00020870       _CollideBGOChildren        00421870 f   collision.obj
 0001:00020ce0       _ObjectCollide             00421ce0 f   collision.obj
 0001:00021660       _WouldObjectCollide        00422660 f   collision.obj
 0001:000216a0       _QCollide                  004226a0 f   collision.obj
 0001:00021d50       _ObjectCollideNoBounce     00422d50 f   collision.obj
 0001:00021d90       _CheckCompObjectCollision  00422d90 f   collision.obj
 0001:00021f50       _GetComEnemyHitInfo        00422f50 f   collision.obj
 0001:00021fe0       _CheckAnyEnemyHit          00422fe0 f   collision.obj
 0001:00021ff0       _CheckRestartPointCol      00422ff0 f   collision.obj
 0001:000222a0       _CheckEnemyPolyCol         004232a0 f   collision.obj
 0001:00022690       _ColRayPlaneIntersect      00423690 f   collision.obj
 0001:000227d0       _ObjectCollideNoBGObject   004237d0 f   collision.obj
 0001:00022810       _ObjectCollideOnly         00423810 f   collision.obj
 0001:00022f50       _PreLoadCompObj            00423f50 f   compobjects.obj
 0001:000233b0       _LoadCompObj               004243b0 f   compobjects.obj
 0001:000235d0       _LoadCompObjChildren       004245d0 f   compobjects.obj
 0001:00024ec0       _FreeCompObjChildren       00425ec0 f   compobjects.obj
 0001:000251b0       _UpdateCompObjChildren     004261b0 f   compobjects.obj
 0001:00025d20       _GetCompObjAddress         00426d20 f   compobjects.obj
 0001:00025dc0       _SetCompObjModelsState     00426dc0 f   compobjects.obj
 0001:00025e60       _UndoCompObjAnim           00426e60 f   compobjects.obj
 0001:00025f90       _ShowCompObjColZones       00426f90 f   compobjects.obj
 0001:00026530       _RayToColZone              00427530 f   compobjects.obj
 0001:000266f0       _PointInside               004276f0 f   compobjects.obj
 0001:00026770       _GetCompObjAxis            00427770 f   compobjects.obj
 0001:00026830       _GetCompObjBoundingBox     00427830 f   compobjects.obj
 0001:00026920       _GetCompObjBoundingBoxChildren 00427920 f   compobjects.obj
 0001:00026fc0       _UpdateCompObjColours      00427fc0 f   compobjects.obj
 0001:000270e0       _UpdateCompObjClipGroup    004280e0 f   compobjects.obj
 0001:00027240       _MaximizeBoundingBox       00428240 f   compobjects.obj
 0001:000272e0       _SetCompObjRealLighting    004282e0 f   compobjects.obj
 0001:000273d0       _ClearCompObjRealLighting  004283d0 f   compobjects.obj
 0001:00027490       _AmIInvulnerable           00428490 f   compobjects.obj
 0001:00027620       _UpdateCompObjFlags        00428620 f   compobjects.obj
 0001:00027720       _SaveAllCompObj            00428720 f   compobjects.obj
 0001:00027a90       _LoadAllCompObj            00428a90 f   compobjects.obj
 0001:00027e00       _GetCompObjColBoundingBox  00428e00 f   compobjects.obj
 0001:00027ef0       _GetCompObjColBoundingBoxChildren 00428ef0 f   compobjects.obj
 0001:000284f0       _GetCompObjColZoneBoundingBox 004294f0 f   compobjects.obj
 0001:000285e0       _GetZoneBoundingBox        004295e0 f   compobjects.obj
 0001:000288d0       _AddVertToBoundingBox      004298d0 f   compobjects.obj
 0001:00028ad0       _SetStealthOffset          00429ad0 f   compobjects.obj
 0001:00028bc0       _SetCompObjStealth         00429bc0 f   compobjects.obj
 0001:00028cc0       _SetCompObjNonStealth      00429cc0 f   compobjects.obj
 0001:00028dc0       _read_config               00429dc0 f   config.obj
 0001:00028f70       _write_config              00429f70 f   config.obj
 0001:00029b80       _key_name                  0042ab80 f   config.obj
 0001:00029d00       _key_char                  0042ad00 f   config.obj
 0001:00029de0       _key_fullname              0042ade0 f   config.obj
 0001:00029e50       _ConfigureSpaceorbAxis     0042ae50 f   config.obj
 0001:00029fa0       _get_key_name              0042afa0 f   config.obj
 0001:0002bac0       _AddButton                 0042cac0 f   config.obj
 0001:0002bb70       _DefaultJoystickSettings   0042cb70 f   config.obj
 0001:0002be00       _ReInitJoysticks           0042ce00 f   config.obj
 0001:0002c340       ___local_stdio_scanf_options 0042d340 f i config.obj
 0001:0002c350       __vfprintf_l               0042d350 f i config.obj
 0001:0002c380       __vfscanf_l                0042d380 f i config.obj
 0001:0002c3b0       __vsscanf_l                0042d3b0 f i config.obj
 0001:0002c3e0       _fprintf                   0042d3e0 f i config.obj
 0001:0002c420       _fscanf                    0042d420 f i config.obj
 0001:0002c460       _sscanf                    0042d460 f i config.obj
 0001:0002c4a0       _control_ship              0042d4a0 f   controls.obj
 0001:0002d4b0       _AnyKeyReleased            0042e4b0 f   controls.obj
 0001:0002d590       _ReadInput                 0042e590 f   controls.obj
 0001:0002d630       _WhichMousePressed         0042e630 f   controls.obj
 0001:0002d720       _WhichJoystickPressed      0042e720 f   controls.obj
 0001:0002d8d0       _ReadJoystickInput         0042e8d0 f   controls.obj
 0001:0002da00       _SetUpJoystickAxis         0042ea00 f   controls.obj
 0001:0002da10       _IsJoystickButtonPressed   0042ea10 f   controls.obj
 0001:0002daa0       _IsAnyJoystickButtonPressed 0042eaa0 f   controls.obj
 0001:0002dae0       _IsJoystickButtonReleased  0042eae0 f   controls.obj
 0001:0002db70       _IsAnyJoystickButtonReleased 0042eb70 f   controls.obj
 0001:0002dbb0       _ToggleGodMode             0042ebb0 f   controls.obj
 0001:0002dc20       _FlashMenuText             0042ec20 f   controls.obj
 0001:0002dc70       _ProcessMenuFlashText      0042ec70 f   controls.obj
 0001:0002dcd0       _DisableCheats             0042ecd0 f   controls.obj
 0001:0002dd30       _joystick_poll             0042ed30 f   controls.obj
 0001:0002de10       _EnableCheats              0042ee10 f   controls.obj
 0001:0002de50       _JimBeam                   0042ee50 f   controls.obj
 0001:0002df30       _Lumberjack                0042ef30 f   controls.obj
 0001:0002e050       _key_pressed               0042f050 f   controls.obj
 0001:0002e2d0       _key_held                  0042f2d0 f   controls.obj
 0001:0002e4b0       _CheckCheats               0042f4b0 f   controls.obj
 0001:0002e690       _clear_last_mouse_state    0042f690 f   controls.obj
 0001:0002e7a0       _DoShipAction              0042f7a0 f   controls.obj
 0001:0002e9c0       _DemoFileName              0042f9c0 f   demo.obj
 0001:0002ea80       _DemoName                  0042fa80 f   demo.obj
 0001:0002eb30       _StartDemoCleaning         0042fb30 f   demo.obj
 0001:0002eb40       _StartDemoPlayback         0042fb40 f   demo.obj
 0001:0002eb70       _InitEnemies               0042fb70 f   enemies.obj
 0001:0002ece0       _FindFreeEnemy             0042fce0 f   enemies.obj
 0001:0002ed90       _KillUsedEnemyDebugOn      0042fd90 f   enemies.obj
 0001:0002f490       _PreLoadEnemies            00430490 f   enemies.obj
 0001:0002ffd0       _LoadEnemies               00430fd0 f   enemies.obj
 0001:00032620       _InitOneEnemy              00433620 f   enemies.obj
 0001:00032f50       _ProcessEnemies            00433f50 f   enemies.obj
 0001:00033920       _EnableEnemy               00434920 f   enemies.obj
 0001:00033be0       _DisableEnemy              00434be0 f   enemies.obj
 0001:00033c20       _CheckHitEnemy             00434c20 f   enemies.obj
 0001:000341a0       _SetCurAnimSeq             004351a0 f   enemies.obj
 0001:000341f0       _GetLastCompDispMatrix     004351f0 f   enemies.obj
 0001:000342c0       _SetTurretVector           004352c0 f   enemies.obj
 0001:00034340       _Ship2EnemyCollide         00435340 f   enemies.obj
 0001:00034740       _SetupEnemyGroups          00435740 f   enemies.obj
 0001:000347b0       _AddEnemyToGroup           004357b0 f   enemies.obj
 0001:00034820       _RemoveEnemyFromGroup      00435820 f   enemies.obj
 0001:000348c0       _MoveEnemyToGroup          004358c0 f   enemies.obj
 0001:000348f0       _ReadEnemyTxtFile          004358f0 f   enemies.obj
 0001:00034a60       _ObjectForceExternalOneOff 00435a60 f   enemies.obj
 0001:00034ac0       _BodgePrimaryWeapon        00435ac0 f   enemies.obj
 0001:00034ae0       _FindDuplicateModel        00435ae0 f   enemies.obj
 0001:00034b40       _DamageEnemy               00435b40 f   enemies.obj
 0001:00035120       _ObjectRotateExternal      00436120 f   enemies.obj
 0001:00035290       _ReleaseAllEnemies         00436290 f   enemies.obj
 0001:00035450       _DoNmeDamagedEffects       00436450 f   enemies.obj
 0001:00035800       _DispUntriggeredNMEs       00436800 f   enemies.obj
 0001:00035900       _AccellDecell              00436900 f   enemies.obj
 0001:00035960       _Enemy_Load                00436960 f   enemies.obj
 0001:000365a0       _Enemy_Save                004375a0 f   enemies.obj
 0001:00037030       _Object_Save               00438030 f   enemies.obj
 0001:00037600       _Object_Load               00438600 f   enemies.obj
 0001:00037c00       _Gun_Save                  00438c00 f   enemies.obj
 0001:00037d90       _Gun_Load                  00438d90 f   enemies.obj
 0001:00037f30       _FindPointAboveGround      00438f30 f   enemies.obj
 0001:000380c0       _AutoMovementExogenon      004390c0 f   enemies.obj
 0001:000381b0       _AutoMovement              004391b0 f   enemies.obj
 0001:00038b40       _AutoMovementCrawl         00439b40 f   enemies.obj
 0001:000397b0       _CarryOutAIMovementCommands 0043a7b0 f   enemies.obj
 0001:00039ae0       _CarryOutPreciseAIMovementCommands 0043aae0 f   enemies.obj
 0001:00039e60       _CarryOutGUN_AIMovementCommands 0043ae60 f   enemies.obj
 0001:00039fe0       _CarryOutGUN_PreciseAIMovementCommands 0043afe0 f   enemies.obj
 0001:0003a100       _GunRotation               0043b100 f   enemies.obj
 0001:0003a420       _RestrictMovement          0043b420 f   enemies.obj
 0001:0003a650       _SplineAutoMovement        0043b650 f   enemies.obj
 0001:0003ab80       _AutoMovementFleshmorph    0043bb80 f   enemies.obj
 0001:0003aec0       _EnemyFlyUnderPlayerControl 0043bec0 f   enemies.obj
 0001:0003afb0       _EnemyFlyUnderAiControl    0043bfb0 f   enemies.obj
 0001:0003b0a0       _EnemyCrawlUnderPlayerControl 0043c0a0 f   enemies.obj
 0001:0003b130       _EnemyCrawlUnderAiControl  0043c130 f   enemies.obj
 0001:0003b2f0       _EnemyTurretUnderPlayerControl 0043c2f0 f   enemies.obj
 0001:0003b300       _EnemyTurretUnderAiControl 0043c300 f   enemies.obj
 0001:0003b330       _EnemyUnderSplineControl   0043c330 f   enemies.obj
 0001:0003b440       _EnemyUnderExogenonControl 0043c440 f   enemies.obj
 0001:0003b590       _EnemyUnderFleshMorphControl 0043c590 f   enemies.obj
 0001:0003b670       _EnemyUnderLittleGeekControl 0043c670 f   enemies.obj
 0001:0003b710       _InitGuns                  0043c710 f   enemies.obj
 0001:0003b8a0       _Enemy2EnemyCollide        0043c8a0 f   enemies.obj
 0001:0003bc90       _Enemy2EnemyCollideSpecial 0043cc90 f   enemies.obj
 0001:0003bdb0       _ObjectBob                 0043cdb0 f   enemies.obj
 0001:0003bf40       _ObjectAutoLevelRot        0043cf40 f   enemies.obj
 0001:0003c1c0       _UpdateEnemiesClipGroup    0043d1c0 f   enemies.obj
 0001:0003d9c0       _AutoDisplay               0043e9c0 f i enemies.obj
 0001:0003da50       _ReleaseExternalForces     0043ea50 f   extforce.obj
 0001:0003dae0       _ExternalForcesLoad        0043eae0 f   extforce.obj
 0001:0003e030       _ExternalForcesZoneCheck   0043f030 f   extforce.obj
 0001:0003e170       _ExternalForcesAreaCheck   0043f170 f   extforce.obj
 0001:0003e340       _StartExternalForce        0043f340 f   extforce.obj
 0001:0003e370       _StopExternalForce         0043f370 f   extforce.obj
 0001:0003e3b0       _DisplayExternalForcesInGroup 0043f3b0 f   extforce.obj
 0001:0003e500       _LoadExternalForces        0043f500 f   extforce.obj
 0001:0003e590       _SaveExternalForces        0043f590 f   extforce.obj
 0001:0003e600       _touch_file                0043f600 f   file.obj
 0001:0003e630       _is_folder                 0043f630 f   file.obj
 0001:0003e690       _folder_exists             0043f690 f   file.obj
 0001:0003e780       _Get_File_Size             0043f780 f   file.obj
 0001:0003e7d0       _Read_File                 0043f7d0 f   file.obj
 0001:0003e860       _Write_File                0043f860 f   file.obj
 0001:0003e8d0       _file_time                 0043f8d0 f   file.obj
 0001:0003e990       _File_Exists               0043f990 f   file.obj
 0001:0003ea20       _delete_file               0043fa20 f   file.obj
 0001:0003ea50       _find_file                 0043fa50 f   file.obj
 0001:0003ea90       _find_next_file            0043fa90 f   file.obj
 0001:0003eac0       _find_close                0043fac0 f   file.obj
 0001:0003eae0       _file_open                 0043fae0 f   file.obj
 0001:0003eb00       _vsnprintf                 0043fb00 f i file.obj
 0001:0003eb50       _GoalLoad                  0043fb50 f   goal.obj
 0001:0003f260       _ReleaseGoal               00440260 f   goal.obj
 0001:0003f320       _ProcessGoals              00440320 f   goal.obj
 0001:0003f800       _TeamGoal                  00440800 f   goal.obj
 0001:0003f850       _GenerateFlagAtHome        00440850 f   goal.obj
 0001:0003fa00       _GoalCheckTeam             00440a00 f   goal.obj
 0001:0003fb00       _DisplayGoal               00440b00 f   goal.obj
 0001:0003fc20       _ShowGoal                  00440c20 f   goal.obj
 0001:00040150       _NearestGoalDistance       00441150 f   goal.obj
 0001:000402b0       _PickTeamGoal              004412b0 f   goal.obj
 0001:000403e0       _SetTeamGoals              004413e0 f   goal.obj
 0001:000405f0       _input_grab                004415f0 f   input_sdl.obj
 0001:00040680       _handle_events             00441680 f   input_sdl.obj
 0001:00040840       _input_buffer_find         00441840 f   input_sdl.obj
 0001:00040880       _input_buffer_reset        00441880 f   input_sdl.obj
 0001:00040890       _read_mouse                00441890 f   input_sdl.obj
 0001:00040910       _joysticks_init            00441910 f   input_sdl.obj
 0001:00040d30       _joysticks_cleanup         00441d30 f   input_sdl.obj
 0001:000410e0       _input_buffer_send         004420e0 f   input_sdl.obj
 0001:00041110       _app_resize                00442110 f   input_sdl.obj
 0001:000411a0       _app_active                004421a0 f   input_sdl.obj
 0001:00041260       _app_quit                  00442260 f   input_sdl.obj
 0001:000412b0       _app_keyboard              004422b0 f   input_sdl.obj
 0001:00041370       _mouse_wheel_up            00442370 f   input_sdl.obj
 0001:00041380       _mouse_wheel_down          00442380 f   input_sdl.obj
 0001:00041390       _reset_mouse_wheel         00442390 f   input_sdl.obj
 0001:000413a0       _app_mouse_button          004423a0 f   input_sdl.obj
 0001:00041440       _app_mouse_motion          00442440 f   input_sdl.obj
 0001:000414b0       _app_joy_axis              004424b0 f   input_sdl.obj
 0001:00041560       _app_joy_ball              00442560 f   input_sdl.obj
 0001:00041570       _app_joy_button            00442570 f   input_sdl.obj
 0001:00041620       _app_joy_hat               00442620 f   input_sdl.obj
 0001:000418b0       _reset_events              004428b0 f   input_sdl.obj
 0001:000418c0       _printf                    004428c0 f i input_sdl.obj
 0001:00041910       _ProcessXLights            00442910 f   lights.obj
 0001:00041af0       _InitXLights               00442af0 f   lights.obj
 0001:00041b90       _FindFreeXLight            00442b90 f   lights.obj
 0001:00041c30       _KillUsedXLight            00442c30 f   lights.obj
 0001:00041cf0       _SetLightDie               00442cf0 f   lights.obj
 0001:00041d60       _XLight1Group              00442d60 f   lights.obj
 0001:000435f0       _XLightMxloadHeader        004445f0 f   lights.obj
 0001:00043e40       _XLightMxaloadHeader       00444e40 f   lights.obj
 0001:00044690       _FindNearestCellColour     00445690 f   lights.obj
 0001:00044970       _BuildVisibleLightList     00445970 f   lights.obj
 0001:00044a00       _SaveXLights               00445a00 f   lights.obj
 0001:00044c60       _LoadXLights               00445c60 f   lights.obj
 0001:00044ec0       _InitLines                 00445ec0 f   lines.obj
 0001:00044fe0       _ExecuteLines              00445fe0 f   lines.obj
 0001:00045040       _KillUsedLine              00446040 f   lines.obj
 0001:00045100       _FindFreeLine              00446100 f   lines.obj
 0001:00045180       _LinesDispGroup            00446180 f   lines.obj
 0001:00045430       _InGameLoad                00446430 f   loadsave.obj
 0001:00045a90       _InGameSave                00446a90 f   loadsave.obj
 0001:000461a0       _PreInGameLoad             004471a0 f   loadsave.obj
 0001:00046370       _SaveGameFileName          00447370 f   loadsave.obj
 0001:000463a0       _SaveGamePicFileName       004473a0 f   loadsave.obj
 0001:000463d0       _SavedGameInfo             004473d0 f   loadsave.obj
 0001:000466d0       _GetMissionName            004476d0 f   loadsave.obj
 0001:00046820       _SaveGameSlotUsed          00447820 f   loadsave.obj
 0001:000487b0       _luaopen_bullets           004497b0 f   lua_bullets.obj
 0001:00048b50       _luaopen_collision         00449b50 f   lua_collision.obj
 0001:00048bb0       _lua_dofile                00449bb0 f   lua_common.obj
 0001:00048c70       _lua_init                  00449c70 f   lua_common.obj
 0001:00048cd0       _lua_shutdown              00449cd0 f   lua_common.obj
 0001:00049010       __snprintf                 0044a010 f i lua_common.obj
 0001:00049050       __vsnprintf                0044a050 f i lua_common.obj
 0001:00049070       _config_save               0044a070 f   lua_config.obj
 0001:00049100       _config_get_int            0044a100 f   lua_config.obj
 0001:000491c0       _config_set_int            0044a1c0 f   lua_config.obj
 0001:00049220       _config_get_float          0044a220 f   lua_config.obj
 0001:000492b0       _config_set_float          0044a2b0 f   lua_config.obj
 0001:00049310       _config_get_strncpy        0044a310 f   lua_config.obj
 0001:000493a0       _config_set_str            0044a3a0 f   lua_config.obj
 0001:00049400       _config_set_strn           0044a400 f   lua_config.obj
 0001:00049460       _config_get_bool           0044a460 f   lua_config.obj
 0001:000494f0       _config_set_bool           0044a4f0 f   lua_config.obj
 0001:0004a490       _luaopen_controls          0044b490 f   lua_controls.obj
 0001:0004a890       _luaopen_enemies           0044b890 f   lua_enemies.obj
 0001:0004a950       _games_update              0044b950 f   lua_games.obj
 0001:0004a9b0       _games_length              0044b9b0 f   lua_games.obj
 0001:0004aa30       _games_index_at            0044ba30 f   lua_games.obj
 0001:0004aa90       _games_port_at             0044ba90 f   lua_games.obj
 0001:0004ab20       _games_name_at             0044bb20 f   lua_games.obj
 0001:0004abb0       _games_ip_at               0044bbb0 f   lua_games.obj
 0001:0004bcc0       _luaopen_object            0044ccc0 f   lua_object.obj
 0001:0004d270       _luaopen_ships             0044e270 f   lua_ships.obj
 0001:0004ea40       _luaopen_vecmat            0044fa40 f   lua_vecmat.obj
 0001:0004eb20       _lua_pushvector            0044fb20 f   lua_vecmat.obj
 0001:0004eb80       _lua_pushmatrix            0044fb80 f   lua_vecmat.obj
 0001:0004ebd0       _luaopen_weapons           0044fbd0 f   lua_weapons.obj
 0001:0004f760       _SDL_main                  00450760 f   main.obj
 0001:000502d0       _CleanUpAndPostQuit        004512d0 f   main.obj
 0001:00050540       _sdl_init_video            00451540 f   main_sdl.obj
 0001:000505c0       _sdl_init                  004515c0 f   main_sdl.obj
 0001:00050660       _sdl_render_present        00451660 f   main_sdl.obj
 0001:00050a10       _InitMathErrors            00451a10 f   math_error.obj
 0001:00050a20       _DebugMathErrors           00451a20 f   math_error.obj
 0001:00050af0       __matherr                  00451af0 f   math_error.obj
 0001:00050d10       _PreMload                  00451d10 f   mload.obj
 0001:00051050       _Mload                     00452050 f   mload.obj
 0001:00053470       _ExecuteMloadHeader        00454470 f   mload.obj
 0001:000534c0       _ReleaseMloadheader        004544c0 f   mload.obj
 0001:00053830       _ExecuteSingleGroupMloadHeader 00454830 f   mload.obj
 0001:00053960       _BackGroundTextureAnimation 00454960 f   mload.obj
 0001:00053ba0       _HandleAnimCommands        00454ba0 f   mload.obj
 0001:00053d40       _TriggerBackgroundAnimationGo 00454d40 f   mload.obj
 0001:00053db0       _TriggerBackgroundAnimationStop 00454db0 f   mload.obj
 0001:00053e10       _LoadTextureAnimations     00454e10 f   mload.obj
 0001:00053f60       _SaveTextureAnimations     00454f60 f   mload.obj
 0001:000540b0       _ReadSoundInfo             004550b0 f   mload.obj
 0001:00054130       _InitSoundInfo             00455130 f   mload.obj
 0001:000542a0       _FixUV                     004552a0 f   mload.obj
 0001:00054850       _FixUV_Anim                00455850 f   mload.obj
 0001:00054920       _ReleaseVisible            00455920 f   mload.obj
 0001:00054990       _IsGroupVisibleSoundInfoRecursive 00455990 f   mload.obj
 0001:00054a80       _IsGroupVisibleSoundInfo   00455a80 f   mload.obj
 0001:00054b90       _IsGroupVisibleSoundInfo2  00455b90 f   mload.obj
 0001:00054cd0       _IsGroupVisibleSoundInfo3  00455cd0 f   mload.obj
 0001:00054e50       _OnceOnlyInitModel         00455e50 f   models.obj
 0001:00055040       _PreInitModel              00456040 f   models.obj
 0001:00055280       _InitModel                 00456280 f   models.obj
 0001:00055710       _ModelDisp                 00456710 f   models.obj
 0001:00056b10       _ProcessModels             00457b10 f   models.obj
 0001:0005c040       _KillUsedModel             0045d040 f   models.obj
 0001:0005c200       _FindFreeModel             0045d200 f   models.obj
 0001:0005c370       _ReleaseModels             0045d370 f   models.obj
 0001:0005c410       _ProcessModel              0045d410 f   models.obj
 0001:0005c5f0       _ProcessModelExec          0045d5f0 f   models.obj
 0001:0005c710       _LightModel                0045d710 f   models.obj
 0001:0005ca30       _LightMxModel              0045da30 f   models.obj
 0001:0005cd30       _LightMxaModel             0045dd30 f   models.obj
 0001:0005d030       _ShockWave                 0045e030 f   models.obj
 0001:0005d820       _GravityWave               0045e820 f   models.obj
 0001:0005dce0       _ExplodeBody               0045ece0 f   models.obj
 0001:0005dd70       _ThrowOutRider             0045ed70 f   models.obj
 0001:0005de90       _CreateBodyPart            0045ee90 f   models.obj
 0001:0005e2d0       _CreateTomCruise           0045f2d0 f   models.obj
 0001:0005e680       _MissileShockWave          0045f680 f   models.obj
 0001:0005f2a0       _CreateOrbitPulsar         004602a0 f   models.obj
 0001:0005f6b0       _LightModel2               004606b0 f   models.obj
 0001:0005f9e0       _CheckForGravgons          004609e0 f   models.obj
 0001:0005fb00       _TintModel                 00460b00 f   models.obj
 0001:0005fc80       _ShadeModel                00460c80 f   models.obj
 0001:0005fef0       _CreateExplosionDonut      00460ef0 f   models.obj
 0001:00060170       _ReleaseTitleModels        00461170 f   models.obj
 0001:00060220       _TintMxaModel              00461220 f   models.obj
 0001:00060390       _AmbientLightMxaModel      00461390 f   models.obj
 0001:00060610       _AmbientLightMxModel       00461610 f   models.obj
 0001:00060890       _HitMe                     00461890 f   models.obj
 0001:00060bb0       _ProcessModel2             00461bb0 f   models.obj
 0001:00060e00       _CreateLine                00461e00 f   models.obj
 0001:00060f20       _GetMXBoundingBox          00461f20 f   models.obj
 0001:000611e0       _GetMXABoundingBox         004621e0 f   models.obj
 0001:000614a0       _CreateMXBoundingBox       004624a0 f   models.obj
 0001:00061d80       _CreateMXABoundingBox      00462d80 f   models.obj
 0001:00062660       _ProcessSphereZoneModelExec 00463660 f   models.obj
 0001:000626f0       _SetupModelSpotFX          004636f0 f   models.obj
 0001:00062940       _CreateModelSpotFXFirePrimary 00463940 f   models.obj
 0001:00062a00       _UpdateShipModel           00463a00 f   models.obj
 0001:000636b0       _UpdateObjectAmbientColour 004646b0 f   models.obj
 0001:000639e0       _UpdateMxaModel            004649e0 f   models.obj
 0001:00063b30       _EngineCode                00464b30 f   models.obj
 0001:00063d60       _KillAttachedSoundFX       00464d60 f   models.obj
 0001:00063fb0       _SaveModels                00464fb0 f   models.obj
 0001:00064640       _LoadModels                00465640 f   models.obj
 0001:00064e20       _ReinitSpotFXSFX           00465e20 f   models.obj
 0001:00065030       _SetShipsVisibleFlag       00466030 f   models.obj
 0001:000651d0       _EnableRelavantModels      004661d0 f   models.obj
 0001:000653b0       _KillAttachedSpotFX        004663b0 f   models.obj
 0001:00065580       _KillAllBikeEngines        00466580 f   models.obj
 0001:00065840       _EngineEnabled             00466840 f   models.obj
 0001:00065870       _RefreshModel              00466870 f   models.obj
 0001:00065af0       _CheckModelLinkList        00466af0 f   models.obj
 0001:00065c00       _UpdateTracker             00466c00 f   models.obj
 0001:00065f80       _CreateTracker             00466f80 f   models.obj
 0001:00066470       _GetRealLightAmbient       00467470 f   models.obj
 0001:00066630       _ENVMxa                    00467630 f   models.obj
 0001:00066800       _GetName                   00467800 f   models.obj
 0001:00066820       _InitShipSpeeds            00467820 f   models.obj
 0001:00066860       _StartAHostSession         00467860 f   multiplayer.obj
 0001:00066bf0       _GetPlayersInCurrentSession 00467bf0 f   multiplayer.obj
 0001:00066cc0       _GoToSynchup               00467cc0 f   multiplayer.obj
 0001:00066d30       _BailMultiplayer           00467d30 f   multiplayer.obj
 0001:00066da0       _TeamGoToSynchup           00467da0 f   multiplayer.obj
 0001:00066de0       _InitTeamSelection         00467de0 f   multiplayer.obj
 0001:00066ef0       _InitTeamLists             00467ef0 f   multiplayer.obj
 0001:00067000       _InitExistingGameJoin      00468000 f   multiplayer.obj
 0001:00067050       _CheckForMenuChange        00468050 f   multiplayer.obj
 0001:00067090       _BailMultiplayerFrontEnd   00468090 f   multiplayer.obj
 0001:000670b0       _DistributeTeamsToLists    004680b0 f   multiplayer.obj
 0001:00067390       _SetUpGameType             00468390 f   multiplayer.obj
 0001:00067450       _SetUpGameSubType          00468450 f   multiplayer.obj
 0001:00067500       _copy_in_my_settings       00468500 f   multiplayer.obj
 0001:00067570       _PreMxaload                00468570 f   mxaload.obj
 0001:00067940       _Mxaload                   00468940 f   mxaload.obj
 0001:000692a0       _ExecuteMxaloadHeader      0046a2a0 f   mxaload.obj
 0001:000693d0       _ReleaseMxaloadheader      0046a3d0 f   mxaload.obj
 0001:00069610       _InterpFrames              0046a610 f   mxaload.obj
 0001:00069a50       _PreMxload                 0046aa50 f   mxload.obj
 0001:00069e20       _Mxload                    0046ae20 f   mxload.obj
 0001:0006bd40       _ExecuteMxloadHeader       0046cd40 f   mxload.obj
 0001:0006c380       _ReleaseMxloadheader       0046d380 f   mxload.obj
 0001:0006c6a0       _ReallyExecuteMxloadHeader 0046d6a0 f   mxload.obj
 0001:0006c730       _ModelTextureAnimation     0046d730 f   mxload.obj
 0001:0006c930       _RestoreColourMxloadHeader 0046d930 f   mxload.obj
 0001:0006ca80       _Check3DPanelPolyAnim      0046da80 f   mxload.obj
 0001:0006cbf0       _network_event             0046dbf0 f   networking.obj
 0001:0006ccb0       _DestroyGame               0046dcb0 f   networking.obj
 0001:0006cde0       _SendGameMessage           0046dde0 f   networking.obj
 0001:0006ea10       _EvaluateMessage           0046fa10 f   networking.obj
 0001:00074f10       _ReceiveGameMessages       00475f10 f   networking.obj
 0001:000750f0       _initShip                  004760f0 f   networking.obj
 0001:00075280       _NetworkGameUpdate         00476280 f   networking.obj
 0001:00075c60       _SetupNetworkGame          00476c60 f   networking.obj
 0001:000763a0       _PrimBullPosDirSend        004773a0 f   networking.obj
 0001:00076480       _SecBullPosDirSend         00477480 f   networking.obj
 0001:00076560       _TitanBitsSend             00477560 f   networking.obj
 0001:00076670       _DropPickupSend            00477670 f   networking.obj
 0001:00076810       _KillPickupSend            00477810 f   networking.obj
 0001:00076850       _CreateShockwaveSend       00477850 f   networking.obj
 0001:00076980       _IHitYou                   00477980 f   networking.obj
 0001:00076cb0       _ShipDiedSend              00477cb0 f   networking.obj
 0001:00076ce0       _UpdateBGObjectSend        00477ce0 f   networking.obj
 0001:00076d20       _smallinitShip             00477d20 f   networking.obj
 0001:00076eb0       _DemoPlayingNetworkGameUpdate 00477eb0 f   networking.obj
 0001:00076ec0       _DemoClean                 00477ec0 f   networking.obj
 0001:00076ed0       _FindSameLevel             00477ed0 f   networking.obj
 0001:00076f30       _RequestTime               00477f30 f   networking.obj
 0001:00076f50       _SetTime                   00477f50 f   networking.obj
 0001:00076f80       _Demo_fwrite               00477f80 f   networking.obj
 0001:00076fc0       _StopDemoRecording         00477fc0 f   networking.obj
 0001:00077000       _UpdateAmmoAndValidateMessage 00478000 f   networking.obj
 0001:00078f50       _set_my_player_name        00479f50 f   networking.obj
 0001:00078f80       _BuildShipFlags            00479f80 f   networking.obj
 0001:00079100       _UnPackShipFlags           0047a100 f   networking.obj
 0001:00079250       _SetShipBankAndMat         0047a250 f   networking.obj
 0001:000792f0       _CreateReGen               0047a2f0 f   networking.obj
 0001:00079510       _msg_is_valid              0047a510 f   networking.obj
 0001:00079640       _msg_to_str                0047a640 f   networking.obj
 0001:000799b0       _set_player_name           0047a9b0 f   networking.obj
 0001:00079a00       _SendANormalUpdate         0047aa00 f   networking.obj
 0001:00079df0       _TeamGoalsSend             0047adf0 f   networking.obj
 0001:00079e40       _reset_tracker             0047ae40 f   networking.obj
 0001:00079e50       _update_tracker            0047ae50 f   networking.obj
 0001:00079ec0       _InitShipStructure         0047aec0 f   networking.obj
 0001:0007a1a0       _UpdatePlayer              0047b1a0 f   networking.obj
 0001:0007a200       _network_event_player_name 0047b200 f   networking.obj
 0001:0007a280       _network_event_player_left 0047b280 f   networking.obj
 0001:0007a3d0       _network_event_new_host    0047b3d0 f   networking.obj
 0001:0007a530       _network_event_player_joined 0047b530 f   networking.obj
 0001:0007a5d0       _network_event_new_message 0047b5d0 f   networking.obj
 0001:0007a620       _network_setup             0047b620 f   net_enet_2.obj
 0001:0007a670       _network_join              0047b670 f   net_enet_2.obj
 0001:0007a6e0       _network_host              0047b6e0 f   net_enet_2.obj
 0001:0007a730       _network_pump              0047b730 f   net_enet_2.obj
 0001:0007a7c0       _network_cleanup           0047b7c0 f   net_enet_2.obj
 0001:0007a820       _network_set_player_name   0047b820 f   net_enet_2.obj
 0001:0007a910       _network_send              0047b910 f   net_enet_2.obj
 0001:0007a950       _network_broadcast         0047b950 f   net_enet_2.obj
 0001:0007c9f0       _send_tracker_update       0047d9f0 f   net_tracker.obj
 0001:0007cb90       _send_tracker_finished     0047db90 f   net_tracker.obj
 0001:0007cc10       _DotProduct                0047dc10 f   new3d.obj
 0001:0007cc60       _CrossProduct              0047dc60 f   new3d.obj
 0001:0007ccf0       _NormaliseVector           0047dcf0 f   new3d.obj
 0001:0007cda0       _BuildRotMatrix            0047dda0 f   new3d.obj
 0001:0007cfe0       _MatrixMultiply            0047dfe0 f   new3d.obj
 0001:0007d550       _ApplyMatrix               0047e550 f   new3d.obj
 0001:0007d670       _AddMatrixTrans            0047e670 f   new3d.obj
 0001:0007d6a0       _ReflectVector             0047e6a0 f   new3d.obj
 0001:0007d790       _VectorLength              0047e790 f   new3d.obj
 0001:0007d7f0       _DistanceVert2Vector       0047e7f0 f   new3d.obj
 0001:0007d880       _DistanceVector2Vector     0047e880 f   new3d.obj
 0001:0007d910       _VisPolyApplyMatrix        0047e910 f   new3d.obj
 0001:0007da70       _MatrixTranspose           0047ea70 f   new3d.obj
 0001:0007db70       _Random_Range              0047eb70 f   new3d.obj
 0001:0007dc60       _Random_Range_Float        0047ec60 f   new3d.obj
 0001:0007dcb0       _QuickDistance             0047ecb0 f   new3d.obj
 0001:0007dd90       _QuickDistance2d           0047ed90 f   new3d.obj
 0001:0007de10       _MakeViewMatrix            0047ee10 f   new3d.obj
 0001:0007df20       _CalcViewAxes              0047ef20 f   new3d.obj
 0001:0007dfc0       _ScaleMatrix               0047efc0 f   new3d.obj
 0001:0007e0a0       _MatrixFromAxisAndAngle    0047f0a0 f   new3d.obj
 0001:0007e460       _spline                    0047f460 f   new3d.obj
 0001:0007e660       _MxV                       0047f660 f   new3d.obj
 0001:0007e740       _NodeRelease               0047f740 f   node.obj
 0001:0007e7b0       _Nodeload                  0047f7b0 f   node.obj
 0001:0007ede0       _FindNearestNode           0047fde0 f   node.obj
 0001:0007eed0       _UpdateNearestNode         0047fed0 f   node.obj
 0001:0007eff0       _UpdateNearestNodeSpecial  0047fff0 f   node.obj
 0001:0007f1b0       _WhichNode                 004801b0 f   node.obj
 0001:0007f2c0       _WhichRetreatNode          004802c0 f   node.obj
 0001:0007f3d0       _ChooseAlternateNode       004803d0 f   node.obj
 0001:0007f430       _FindSuitableSplineNode    00480430 f   node.obj
 0001:0007f4f0       _FindSuitableSplineNodeRandom 004804f0 f   node.obj
 0001:0007f630       _ReturnClosestNode         00480630 f   node.obj
 0001:0007f790       _SetNetworkDistance        00480790 f   node.obj
 0001:0007f920       _PutEnemiesAtNodes         00480920 f   node.obj
 0001:0007fc20       _ShowNodeNetwork           00480c20 f   node.obj
 0001:0007fed0       _NodeRecurse               00480ed0 f   node.obj
 0001:0007fff0       _RenderCurrentCameraInStereo 00480ff0 f   oct2.obj
 0001:000803b0       _SetCam                    004813b0 f   oct2.obj
 0001:00080730       _InitModeCase              00481730 f   oct2.obj
 0001:00080770       _CalculateFramelag         00481770 f   oct2.obj
 0001:000807f0       _InitViewport              004817f0 f   oct2.obj
 0001:00080970       _ProcessGameKeys           00481970 f   oct2.obj
 0001:00081100       _Our_CalculateFrameRate    00482100 f   oct2.obj
 0001:00081620       _ScoreDisplay              00482620 f   oct2.obj
 0001:00081650       _InitScoreDisplay          00482650 f   oct2.obj
 0001:00081670       _StatsDisplay              00482670 f   oct2.obj
 0001:00081940       _InitStatsDisplay          00482940 f   oct2.obj
 0001:00081960       _ShowInGameStats           00482960 f   oct2.obj
 0001:00081970       _ShowDeathModeStats        00482970 f   oct2.obj
 0001:000819c0       _ShowGameStats             004829c0 f   oct2.obj
 0001:00082220       _DisplayNetworkInfo        00483220 f   oct2.obj
 0001:000825a0       _ResizeViewport            004835a0 f   oct2.obj
 0001:000827d0       _FullScreenViewport        004837d0 f   oct2.obj
 0001:00082910       _ClearBuffers              00483910 f   oct2.obj
 0001:000829a0       _ClearZBuffer              004839a0 f   oct2.obj
 0001:00082a10       _clear_black               00483a10 f   oct2.obj
 0001:00082a30       _RenderCurrentCamera       00483a30 f   oct2.obj
 0001:00082ee0       _ChangeLevel               00483ee0 f   oct2.obj
 0001:00082fb0       _InitRenderBufs            00483fb0 f   oct2.obj
 0001:00083070       _ReleaseRenderBufs         00484070 f   oct2.obj
 0001:000830e0       _SetMatrixViewPort         004840e0 f   oct2.obj
 0001:000831a0       _PrintInitViewStatus       004841a0 f   oct2.obj
 0001:000832b0       _SpecialDestroyGame        004842b0 f   oct2.obj
 0001:00083320       _CheckMetKillLimit         00484320 f   oct2.obj
 0001:000834e0       _MainGame                  004844e0 f   oct2.obj
 0001:00083680       _Build_View                00484680 f   oct2.obj
 0001:000837f0       _DispTracker               004847f0 f   oct2.obj
 0001:00083d10       _stereo_adjust             00484d10 f   oct2.obj
 0001:00083e10       _SetFOV                    00484e10 f   oct2.obj
 0001:00084150       _SetViewportError          00485150 f   oct2.obj
 0001:000841e0       _InitLevels                004851e0 f   oct2.obj
 0001:000846c0       _GetCurPrimAmmo            004856c0 f   oct2.obj
 0001:00084720       _DrawSimplePanel           00485720 f   oct2.obj
 0001:000858d0       _ReleaseLevel              004868d0 f   oct2.obj
 0001:000859a0       _ReleaseScene              004869a0 f   oct2.obj
 0001:00085aa0       _ReleaseView               00486aa0 f   oct2.obj
 0001:00085c10       _InitScene                 00486c10 f   oct2.obj
 0001:00085d10       _InitView                  00486d10 f   oct2.obj
 0001:00086150       _GetLevelName              00487150 f   oct2.obj
 0001:00086230       _RenderScene               00487230 f   oct2.obj
 0001:000889f0       _MainGameDemoRoutines      004899f0 f   oct2.obj
 0001:00088a00       _MainRoutines              00489a00 f   oct2.obj
 0001:00088ac0       _CheckLevelEnd             00489ac0 f   oct2.obj
 0001:00088ba0       _DrawMainGameMenu          00489ba0 f   oct2.obj
 0001:00088bf0       _RenderMainCamera2dPolys   00489bf0 f   oct2.obj
 0001:00088c50       _RenderCurrentCameraWithMainGameMenu 00489c50 f   oct2.obj
 0001:00088c80       _SetFOVBasedOnShipSpeed    00489c80 f   oct2.obj
 0001:00088de0       _MainGameRender            00489de0 f   oct2.obj
 0001:000898e0       _PaintBackground           0048a8e0 f   oct2.obj
 0001:000898f0       _StatsNamePulse            0048a8f0 f   oct2.obj
 0001:00089970       _GetBitShift               0048a970 f   oct2.obj
 0001:000899b0       _RenderSnapshot            0048a9b0 f   oct2.obj
 0001:000899c0       _SavePPM                   0048a9c0 f   oct2.obj
 0001:00089db0       _SaveSnapShot              0048adb0 f   oct2.obj
 0001:00089dc0       _tanf                      0048adc0 f i oct2.obj
 0001:00089e00       _InitPickups               0048ae00 f   pickups.obj
 0001:0008a090       _FindFreePickup            0048b090 f   pickups.obj
 0001:0008a130       _KillUsedPickup            0048b130 f   pickups.obj
 0001:0008a7c0       _ProcessPickups            0048b7c0 f   pickups.obj
 0001:0008bb30       _CleanUpPickup             0048cb30 f   pickups.obj
 0001:0008bca0       _InitOnePickup             0048cca0 f   pickups.obj
 0001:0008ca00       _InitJoinPickup            0048da00 f   pickups.obj
 0001:0008d320       _KillPickup                0048e320 f   pickups.obj
 0001:0008d7b0       _CollectPickup             0048e7b0 f   pickups.obj
 0001:0008fa00       _CheckPickup               00490a00 f   pickups.obj
 0001:0008fc50       _SavePickupsPositions      00490c50 f   pickups.obj
 0001:0008fee0       _LoadPickupsPositions      00490ee0 f   pickups.obj
 0001:00090990       _RegeneratePickups         00491990 f   pickups.obj
 0001:00091260       _RegenerateQuedPickups     00492260 f   pickups.obj
 0001:00091400       _RegeneratePickup          00492400 f   pickups.obj
 0001:00091750       _GenPickupList             00492750 f   pickups.obj
 0001:000919d0       _RegenPickupList           004929d0 f   pickups.obj
 0001:00091ae0       _GenRegenSlotList          00492ae0 f   pickups.obj
 0001:00091ba0       _RegenRegenSlotList        00492ba0 f   pickups.obj
 0001:00091c30       _KillAllPickups            00492c30 f   pickups.obj
 0001:00091cb0       _NewSecondaryWeapon        00492cb0 f   pickups.obj
 0001:00091d70       _NewPrimaryWeapon          00492d70 f   pickups.obj
 0001:00091de0       _CopyPickups               00492de0 f   pickups.obj
 0001:00091eb0       _AddPickupToRegen          00492eb0 f   pickups.obj
 0001:00092220       _InitSlotPickup            00493220 f   pickups.obj
 0001:000923d0       _CopyRegenSlots            004933d0 f   pickups.obj
 0001:00092420       _FindClosestPickup         00493420 f   pickups.obj
 0001:00092560       _FindClosestShip           00493560 f   pickups.obj
 0001:00092710       _SetupPickupGroups         00493710 f   pickups.obj
 0001:00092780       _AddPickupToGroup          00493780 f   pickups.obj
 0001:00092820       _RemovePickupFromGroup     00493820 f   pickups.obj
 0001:00092900       _MovePickupToGroup         00493900 f   pickups.obj
 0001:00092930       _ClearPickupsGot           00493930 f   pickups.obj
 0001:000929f0       _FilterPickup              004939f0 f   pickups.obj
 0001:00092a70       _PackPickupInfo            00493a70 f   pickups.obj
 0001:00092b10       _UnpackPickupInfo          00493b10 f   pickups.obj
 0001:00092ba0       _SaveAllPickups            00493ba0 f   pickups.obj
 0001:00093630       _LoadAllPickups            00494630 f   pickups.obj
 0001:00094330       _KillAllPickupsOfType      00495330 f   pickups.obj
 0001:000946c0       _PickupModelValid          004956c0 f   pickups.obj
 0001:000947b0       _CheckPickupAllPlayers     004957b0 f   pickups.obj
 0001:00094f40       _ActuallyCollectPickup     00495f40 f   pickups.obj
 0001:000964c0       _PretendCollectPickup      004974c0 f   pickups.obj
 0001:000974d0       _CorrectForExtraOrMissingPickups 004984d0 f   pickups.obj
 0001:000983d0       _CountMinesInLevel         004993d0 f   pickups.obj
 0001:000984a0       _KillAllPickupsOfTypeAndSend 004994a0 f   pickups.obj
 0001:00098880       _InitFailedKillSlots       00499880 f   pickups.obj
 0001:00098910       _AddFailedKillToQue        00499910 f   pickups.obj
 0001:000989b0       _FindFreeFailedKillSlot    004999b0 f   pickups.obj
 0001:00098a40       _ReleaseFailedKillSlot     00499a40 f   pickups.obj
 0001:00098b00       _ProcessFailedKills        00499b00 f   pickups.obj
 0001:00098c60       _FindPickup                00499c60 f   pickups.obj
 0001:00098ce0       _RandomizePickups          00499ce0 f   pickups.obj
 0001:00098e30       _CheckValidRegenSlot       00499e30 f   pickups.obj
 0001:00098ef0       _ProcessRegenSlots         00499ef0 f   pickups.obj
 0001:00099160       _SfxForCollectPickup       0049a160 f   pickups.obj
 0001:00099590       _InitValidPickups          0049a590 f   pickups.obj
 0001:000995c0       _CanPlayerCollectPickup    0049a5c0 f   pickups.obj
 0001:0009a9f0       _InitPolys                 0049b9f0 f   polys.obj
 0001:0009aad0       _KillUsedPoly              0049bad0 f   polys.obj
 0001:0009ac00       _FindFreePoly              0049bc00 f   polys.obj
 0001:0009aca0       _ProcessPolys              0049bca0 f   polys.obj
 0001:0009c370       _DoAfterBurnerEffects      0049d370 f   polys.obj
 0001:0009cc00       _InitAfterBurners          0049dc00 f   polys.obj
 0001:0009cc50       _InitPolyTPages            0049dc50 f   polys.obj
 0001:0009cc90       _AddPolyToTPage            0049dc90 f   polys.obj
 0001:0009cd30       _RemovePolyFromTPage       0049dd30 f   polys.obj
 0001:0009ce30       _DisplayGroupClippedPolys  0049de30 f   polys.obj
 0001:0009ceb0       _DisplayGroupUnclippedPolys 0049deb0 f   polys.obj
 0001:0009cf30       _PolyDispGroupClipped      0049df30 f   polys.obj
 0001:0009d790       _PolyDispGroupUnclipped    0049e790 f   polys.obj
 0001:0009dfb0       _DisplaySolidGroupClippedPolys 0049efb0 f   polys.obj
 0001:0009e030       _DisplaySolidGroupUnclippedPolys 0049f030 f   polys.obj
 0001:0009e0b0       _SolidPolyDispGroupClipped 0049f0b0 f   polys.obj
 0001:0009e910       _SolidPolyDispGroupUnclipped 0049f910 f   polys.obj
 0001:0009f130       _SavePolys                 004a0130 f   polys.obj
 0001:0009f5f0       _LoadPolys                 004a05f0 f   polys.obj
 0001:0009fb80       _InitPrimBulls             004a0b80 f   primary.obj
 0001:0009fcf0       _FindFreePrimBull          004a0cf0 f   primary.obj
 0001:0009fe00       _KillUsedPrimBull          004a0e00 f   primary.obj
 0001:0009ff30       _FirePrimary               004a0f30 f   primary.obj
 0001:000a2e10       _ProcessPrimaryBullets     004a3e10 f   primary.obj
 0001:000a8840       _CleanUpPrimBull           004a9840 f   primary.obj
 0001:000a8a80       _InitOnePrimBull           004a9a80 f   primary.obj
 0001:000b0320       _CreateTrojaxExplosion     004b1320 f   primary.obj
 0001:000b0b80       _CreateNmeTrojaxExplosion  004b1b80 f   primary.obj
 0001:000b13e0       _CreatePulsarExplosion     004b23e0 f   primary.obj
 0001:000b15d0       _CreateNmePulsarExplosion  004b25d0 f   primary.obj
 0001:000b17c0       _CreateNmeShrapnelExplosion 004b27c0 f   primary.obj
 0001:000b19b0       _CreateShrapnelExplosion   004b29b0 f   primary.obj
 0001:000b1ba0       _CreateFireExplosion       004b2ba0 f   primary.obj
 0001:000b1dd0       _CreateNmeArcExplosion     004b2dd0 f   primary.obj
 0001:000b2610       _CreateArcExplosion        004b3610 f   primary.obj
 0001:000b2e50       _CreateNmeLaserPulse       004b3e50 f   primary.obj
 0001:000b3cd0       _CreateNmePowerLaserPulse  004b4cd0 f   primary.obj
 0001:000b47e0       _CreateNmeLightningPulse   004b57e0 f   primary.obj
 0001:000b5d10       _CreateLaserPulse          004b6d10 f   primary.obj
 0001:000b6b90       _CreateTransTrail          004b7b90 f   primary.obj
 0001:000b6ec0       _DispPowerLevel            004b7ec0 f   primary.obj
 0001:000b7250       _RestoreAmmo               004b8250 f   primary.obj
 0001:000b7320       _RestoreWeapons            004b8320 f   primary.obj
 0001:000b7420       _InitAmmoUsed              004b8420 f   primary.obj
 0001:000b74a0       _CreateShieldEffect        004b84a0 f   primary.obj
 0001:000b7d00       _CheckHitShip              004b8d00 f   primary.obj
 0001:000b8480       _CheckHitSecondary         004b9480 f   primary.obj
 0001:000b8850       _PrimarySelectControl      004b9850 f   primary.obj
 0001:000b89d0       _CreateDebugLine           004b99d0 f   primary.obj
 0001:000b8b40       _FirePrimaryWeapons        004b9b40 f   primary.obj
 0001:000b9cb0       _CreateColSparks           004bacb0 f   primary.obj
 0001:000ba2e0       _CreateSmallColSparks      004bb2e0 f   primary.obj
 0001:000ba920       _CheckCharging             004bb920 f   primary.obj
 0001:000ba9a0       _GivemeAllWeapons          004bb9a0 f   primary.obj
 0001:000bac90       _LoseAllWeapons            004bbc90 f   primary.obj
 0001:000bae10       _DropPrimary               004bbe10 f   primary.obj
 0001:000bb090       _GetDeathString            004bc090 f   primary.obj
 0001:000bb610       _DropShield                004bc610 f   primary.obj
 0001:000bb800       _DropAmmo                  004bc800 f   primary.obj
 0001:000bbb90       _ChangeTranspulseDir       004bcb90 f   primary.obj
 0001:000bc300       _ChangePulsarDir           004bd300 f   primary.obj
 0001:000bca30       _ChangeTrojaxDir           004bda30 f   primary.obj
 0001:000bcb10       _ChangeSussgunDir          004bdb10 f   primary.obj
 0001:000bcb50       _ChangeOrbitPulsarDir      004bdb50 f   primary.obj
 0001:000bcb90       _ReflectLaser              004bdb90 f   primary.obj
 0001:000bcba0       _GivemeSuperNashram        004bdba0 f   primary.obj
 0001:000bcd90       _LoseSuperNashram          004bdd90 f   primary.obj
 0001:000bcee0       _CreateInvEffect           004bdee0 f   primary.obj
 0001:000bd680       _CreateSparks              004be680 f   primary.obj
 0001:000bd9b0       _CreateMushroomExplosion   004be9b0 f   primary.obj
 0001:000bdbf0       _CreateNewExplosion        004bebf0 f   primary.obj
 0001:000bdf00       _CreateSteam               004bef00 f   primary.obj
 0001:000be230       _EnemyFirePrimary          004bf230 f   primary.obj
 0001:000be3a0       _CreatePowerLaserSparks    004bf3a0 f   primary.obj
 0001:000be9a0       _GetLaserLocalVector       004bf9a0 f   primary.obj
 0001:000bec30       _CreateScaleExplosion      004bfc30 f   primary.obj
 0001:000bf000       _ValidGroupCollision       004c0000 f   primary.obj
 0001:000bf0f0       _GetAmmoPickupToGen        004c00f0 f   primary.obj
 0001:000bf1f0       _SavePrimBulls             004c01f0 f   primary.obj
 0001:000bfa10       _LoadPrimBulls             004c0a10 f   primary.obj
 0001:000c0320       _GetNextValidPrimaryWeapon 004c1320 f   primary.obj
 0001:000c0450       _GetPrevValidPrimaryWeapon 004c1450 f   primary.obj
 0001:000c0580       _ConvPrimToNormWeapon      004c1580 f   primary.obj
 0001:000c05b0       _TogglePrimaryWeapons      004c15b0 f   primary.obj
 0001:000c0600       _KillPrimBullsByOwner      004c1600 f   primary.obj
 0001:000c0680       _HostGivemeSuperNashram    004c1680 f   primary.obj
 0001:000c0830       _HostLoseSuperNashram      004c1830 f   primary.obj
 0001:000c0940       _HostRestoreWeapons        004c1940 f   primary.obj
 0001:000c0aa0       _HostRestoreAmmo           004c1aa0 f   primary.obj
 0001:000c0c00       _GetPrimaryAmmoUsage       004c1c00 f   primary.obj
 0001:000c0e00       _private_address           004c1e00 f   private_address.obj
 0001:000c0e50       _MakeQuat                  004c1e50 f   quat.obj
 0001:000c1010       _QuatMultiply              004c2010 f   quat.obj
 0001:000c1170       _QuatMultiplyX_Y           004c2170 f   quat.obj
 0001:000c1230       _QuatMultiplyXY_Z          004c2230 f   quat.obj
 0001:000c1320       _QuatNormalise             004c2320 f   quat.obj
 0001:000c1430       _QuatToMatrix              004c2430 f   quat.obj
 0001:000c1630       _QuatDotProduct            004c2630 f   quat.obj
 0001:000c1690       _QuatInterpolate           004c2690 f   quat.obj
 0001:000c1790       _QuatFromVector            004c2790 f   quat.obj
 0001:000c18c0       _QuatFromVector2           004c28c0 f   quat.obj
 0001:000c19f0       _Quaternion_Slerp          004c29f0 f   quat.obj
 0001:000c1be0       _QuatInverse               004c2be0 f   quat.obj
 0001:000c1cb0       _QuatMake                  004c2cb0 f   quat.obj
 0001:000c1e00       _QuatFrom2Vectors          004c2e00 f   quat.obj
 0001:000c2020       _MatrixToQuat              004c3020 f   quat.obj
 0001:000c25b0       _QuatFromDirAndUp          004c35b0 f   quat.obj
 0001:000c2630       _render_reset_lighting_variables 004c3630 f   render_gl1.obj
 0001:000c26d0       _FSCreateDynamicNormalBuffer 004c36d0 f   render_gl1.obj
 0001:000c26f0       _FSCreateNormalBuffer      004c36f0 f   render_gl1.obj
 0001:000c2720       _FSLockNormalBuffer        004c3720 f   render_gl1.obj
 0001:000c2740       _FSUnlockNormalBuffer      004c3740 f   render_gl1.obj
 0001:000c2750       _FSCreateDynamicVertexBuffer 004c3750 f   render_gl1.obj
 0001:000c2770       _FSCreateVertexBuffer      004c3770 f   render_gl1.obj
 0001:000c2790       _FSLockVertexBuffer        004c3790 f   render_gl1.obj
 0001:000c27b0       _FSUnlockVertexBuffer      004c37b0 f   render_gl1.obj
 0001:000c27c0       _FSCreateDynamicIndexBuffer 004c37c0 f   render_gl1.obj
 0001:000c27e0       _FSCreateIndexBuffer       004c37e0 f   render_gl1.obj
 0001:000c2810       _FSLockIndexBuffer         004c3810 f   render_gl1.obj
 0001:000c2830       _FSUnlockIndexBuffer       004c3830 f   render_gl1.obj
 0001:000c2840       _FSLockPretransformedVertexBuffer 004c3840 f   render_gl1.obj
 0001:000c2860       _FSCreateDynamic2dVertexBuffer 004c3860 f   render_gl1.obj
 0001:000c2880       _draw_render_object        004c3880 f   render_gl1.obj
 0001:000c2b90       _do_water_effect           004c3b90 f   render_gl1.obj
 0001:000c2eb0       _do_whiteout_effect        004c3eb0 f   render_gl1.obj
 0001:000c3090       _GetRealLightAmbientWorldSpace 004c4090 f   render_gl1.obj
 0001:000c34b0       _light_vert                004c44b0 f   render_gl1.obj
 0001:000c3ae0       _cull_none                 004c4ae0 f   render_gl_shared.obj
 0001:000c3b00       _cull_cw                   004c4b00 f   render_gl_shared.obj
 0001:000c3b20       _reset_cull                004c4b20 f   render_gl_shared.obj
 0001:000c3b50       _disable_zbuff             004c4b50 f   render_gl_shared.obj
 0001:000c3b70       _set_alpha_states          004c4b70 f   render_gl_shared.obj
 0001:000c3b90       _set_normal_states         004c4b90 f   render_gl_shared.obj
 0001:000c3ba0       _reset_zbuff               004c4ba0 f   render_gl_shared.obj
 0001:000c3bd0       _set_whiteout_state        004c4bd0 f   render_gl_shared.obj
 0001:000c3c00       _render_error_description  004c4c00 f   render_gl_shared.obj
 0001:000c3c60       _FSClearBlack              004c4c60 f   render_gl_shared.obj
 0001:000c3cb0       _FSClear                   004c4cb0 f   render_gl_shared.obj
 0001:000c3d70       _FSClearDepth              004c4d70 f   render_gl_shared.obj
 0001:000c3da0       _render_mode_select        004c4da0 f   render_gl_shared.obj
 0001:000c3dd0       _render_mode_wireframe     004c4dd0 f   render_gl_shared.obj
 0001:000c3df0       _render_mode_points        004c4df0 f   render_gl_shared.obj
 0001:000c3e10       _render_mode_fill          004c4e10 f   render_gl_shared.obj
 0001:000c3e30       _build_gamma_table         004c4e30 f   render_gl_shared.obj
 0001:000c3f20       _render_init               004c4f20 f   render_gl_shared.obj
 0001:000c3f70       _render_cleanup            004c4f70 f   render_gl_shared.obj
 0001:000c3f80       _render_reset              004c4f80 f   render_gl_shared.obj
 0001:000c3fc0       _render_set_filter         004c4fc0 f   render_gl_shared.obj
 0001:000c4030       _render_flip               004c5030 f   render_gl_shared.obj
 0001:000c4090       _reset_trans               004c5090 f   render_gl_shared.obj
 0001:000c40b0       _disable_zbuff_write       004c50b0 f   render_gl_shared.obj
 0001:000c40c0       _FSGetViewPort             004c50c0 f   render_gl_shared.obj
 0001:000c4180       _FSBeginScene              004c5180 f   render_gl_shared.obj
 0001:000c4190       _FSEndScene                004c5190 f   render_gl_shared.obj
 0001:000c41a0       _FSSetViewPort             004c51a0 f   render_gl_shared.obj
 0001:000c4280       _FSGetWorld                004c5280 f   render_gl_shared.obj
 0001:000c42a0       _FSSetWorld                004c52a0 f   render_gl_shared.obj
 0001:000c42c0       _FSSetProjection           004c52c0 f   render_gl_shared.obj
 0001:000c42f0       _FSSetView                 004c52f0 f   render_gl_shared.obj
 0001:000c4310       _FSCreateTexture           004c5310 f   render_gl_shared.obj
 0001:000c4340       _update_texture_from_file  004c5340 f   render_gl_shared.obj
 0001:000c4370       _release_texture           004c5370 f   render_gl_shared.obj
 0001:000c43f0       _draw_line_object          004c53f0 f   render_gl_shared.obj
 0001:000c4410       _draw_object               004c5410 f   render_gl_shared.obj
 0001:000c4430       _draw_2d_object            004c5430 f   render_gl_shared.obj
 0001:000c4450       _FSReleaseRenderObject     004c5450 f   render_gl_shared.obj
 0001:000c4d10       _InitRestartPoints         004c5d10 f   restart.obj
 0001:000c4e80       _FindFreeRestartPoint      004c5e80 f   restart.obj
 0001:000c4f10       _KillUsedRestartPoint      004c5f10 f   restart.obj
 0001:000c5070       _ReleaseAllRestartPoints   004c6070 f   restart.obj
 0001:000c50c0       _LoadStartPoints           004c60c0 f   restart.obj
 0001:000c55a0       _PreLoadRestartPoints      004c65a0 f   restart.obj
 0001:000c5660       _LoadRestartPoints         004c6660 f   restart.obj
 0001:000c5e10       _InitOneFaceMeRestartPoint 004c6e10 f   restart.obj
 0001:000c6060       _InitOneRestartPoint       004c7060 f   restart.obj
 0001:000c6140       _ProcessRestartPoints      004c7140 f   restart.obj
 0001:000c6400       _SetupRestartPointGroups   004c7400 f   restart.obj
 0001:000c6470       _AddRestartPointToGroup    004c7470 f   restart.obj
 0001:000c64e0       _RemoveRestartPointFromGroup 004c74e0 f   restart.obj
 0001:000c6580       _MoveRestartPointToGroup   004c7580 f   restart.obj
 0001:000c65b0       _ActivateRestartPoint      004c75b0 f   restart.obj
 0001:000c66a0       _SaveStartRestartPoints    004c76a0 f   restart.obj
 0001:000c66d0       _LoadStartRestartPoints    004c76d0 f   restart.obj
 0001:000c6700       _DisplayStartPoints        004c7700 f   restart.obj
 0001:000c6820       _LoadRTLights              004c7820 f   rtlight.obj
 0001:000c79a0       _ReleaseRTLights           004c89a0 f   rtlight.obj
 0001:000c7a40       _ProcessRTLights           004c8a40 f   rtlight.obj
 0001:000c82b0       _EnableRTLight             004c92b0 f   rtlight.obj
 0001:000c83d0       _DisableRTLight            004c93d0 f   rtlight.obj
 0001:000c84e0       _SaveRealTimeLights        004c94e0 f   rtlight.obj
 0001:000c85e0       _LoadRealTimeLights        004c95e0 f   rtlight.obj
 0001:000c8b70       _InitScrPolys              004c9b70 f   screenpolys.obj
 0001:000c8c90       _KillUsedScrPoly           004c9c90 f   screenpolys.obj
 0001:000c8de0       _FindFreeScrPoly           004c9de0 f   screenpolys.obj
 0001:000c8e70       _ScreenPolyProcess         004c9e70 f   screenpolys.obj
 0001:000c9970       _DoLensflareEffect         004ca970 f   screenpolys.obj
 0001:000caae0       _Conv3DTo2D                004cbae0 f   screenpolys.obj
 0001:000cac00       _ClipConv3DTo2D            004cbc00 f   screenpolys.obj
 0001:000cae00       _DoAllSecBullLensflare     004cbe00 f   screenpolys.obj
 0001:000cae90       _SecBullLensflare          004cbe90 f   screenpolys.obj
 0001:000cbdf0       _CreateCountdownDigits     004ccdf0 f   screenpolys.obj
 0001:000cbf90       _DeleteCountdownDigits     004ccf90 f   screenpolys.obj
 0001:000cc050       _CreateDigit               004cd050 f   screenpolys.obj
 0001:000cc1e0       _UpdateCountdownDigits     004cd1e0 f   screenpolys.obj
 0001:000ccad0       _UpdateDigit               004cdad0 f   screenpolys.obj
 0001:000ccd30       _CreateSeperatorDigit      004cdd30 f   screenpolys.obj
 0001:000ccea0       _DeleteDigit               004cdea0 f   screenpolys.obj
 0001:000ccf00       _DeleteSeperatorDigit      004cdf00 f   screenpolys.obj
 0001:000ccf50       _StartCountDown            004cdf50 f   screenpolys.obj
 0001:000cd040       _ClearCountdownBuffers     004ce040 f   screenpolys.obj
 0001:000cd100       _AddScreenPolyText         004ce100 f   screenpolys.obj
 0001:000cd2f0       _AddScreenPolyTextColor    004ce2f0 f   screenpolys.obj
 0001:000cd380       _AddScreenPolyTextScale    004ce380 f   screenpolys.obj
 0001:000cd540       _ShowScreenMultiples       004ce540 f   screenpolys.obj
 0001:000cd880       _MakeScreenFlash           004ce880 f   screenpolys.obj
 0001:000cdd40       _InitThermo                004ced40 f   screenpolys.obj
 0001:000ce0b0       _KillThermo                004cf0b0 f   screenpolys.obj
 0001:000ce0e0       _ResetCountDownBombTag     004cf0e0 f   screenpolys.obj
 0001:000ce370       _InitScrPolyTPages         004cf370 f   screenpolys.obj
 0001:000ce3b0       _AddScrPolyToTPage         004cf3b0 f   screenpolys.obj
 0001:000ce440       _RemoveScrPolyFromTPage    004cf440 f   screenpolys.obj
 0001:000ce520       _DisplaySolidScrPolys      004cf520 f   screenpolys.obj
 0001:000ce5a0       _DisplayNonSolidScrPolys   004cf5a0 f   screenpolys.obj
 0001:000ce620       _ScrPolyDispSolid          004cf620 f   screenpolys.obj
 0001:000cf8c0       _ScrPolyDispNonSolid       004d08c0 f   screenpolys.obj
 0001:000d0c60       _FreeAllLastAFrameScrPolys 004d1c60 f   screenpolys.obj
 0001:000d0cd0       _LoadTimeForLevel          004d1cd0 f   screenpolys.obj
 0001:000d0cf0       _SaveScreenPolys           004d1cf0 f   screenpolys.obj
 0001:000d0d70       _LoadScreenPolys           004d1d70 f   screenpolys.obj
 0001:000d0e80       _ShowFlagOnShip            004d1e80 f   screenpolys.obj
 0001:000d1380       _ShowFlag                  004d2380 f   screenpolys.obj
 0001:000d1540       _ShowBountyOnShip          004d2540 f   screenpolys.obj
 0001:000d1a40       _ShowBounty                004d2a40 f   screenpolys.obj
 0001:000d1c00       _ShowCTFFlagsOnShip        004d2c00 f   screenpolys.obj
 0001:000d2280       _ShowCTFFlags              004d3280 f   screenpolys.obj
 0001:000d2550       _InitScrPoly               004d3550 f   screenpolys.obj
 0001:000d2850       _ClipBox                   004d3850 f   screenpolys.obj
 0001:000d2b40       _InitSecBulls              004d3b40 f   secondary.obj
 0001:000d2f10       _FindFreeSecBull           004d3f10 f   secondary.obj
 0001:000d2ff0       _KillUsedSecBull           004d3ff0 f   secondary.obj
 0001:000d3120       _FireSecondary             004d4120 f   secondary.obj
 0001:000d4880       _ProcessSecondaryBullets   004d5880 f   secondary.obj
 0001:000d4e70       _CleanUpSecBull            004d5e70 f   secondary.obj
 0001:000d50b0       _InitOneSecBull            004d60b0 f   secondary.obj
 0001:000d72c0       _PointToSphere             004d82c0 f   secondary.obj
 0001:000d7370       _CreateExplosion           004d8370 f   secondary.obj
 0001:000d7720       _CreateSmallExplosion      004d8720 f   secondary.obj
 0001:000d7a30       _CreateSingleExplosion     004d8a30 f   secondary.obj
 0001:000d7d20       _CreateShipExplosion       004d8d20 f   secondary.obj
 0001:000d7f40       _CreateTrail               004d8f40 f   secondary.obj
 0001:000d8180       _CreateBloodTrail          004d9180 f   secondary.obj
 0001:000d8470       _CreateBloodSplat          004d9470 f   secondary.obj
 0001:000d8810       _CreateGravgonTrail        004d9810 f   secondary.obj
 0001:000d8a40       _CreateSolarisTrail        004d9a40 f   secondary.obj
 0001:000d8c70       _CreateNewTrail            004d9c70 f   secondary.obj
 0001:000d8eb0       _InitLinkList              004d9eb0 f   secondary.obj
 0001:000d8f50       _FindFreeLink              004d9f50 f   secondary.obj
 0001:000d8fd0       _FreeLink                  004d9fd0 f   secondary.obj
 0001:000d9050       _DispSecAmmoLevels         004da050 f   secondary.obj
 0001:000d90f0       _CreateGravgonField        004da0f0 f   secondary.obj
 0001:000d94d0       _CreateShockwave           004da4d0 f   secondary.obj
 0001:000d96b0       _ExplodeSecondary          004da6b0 f   secondary.obj
 0001:000d98c0       _ProcessMines              004da8c0 f   secondary.obj
 0001:000db220       _ProcessMissiles           004dc220 f   secondary.obj
 0001:000e0d00       _KillOwnersSecBulls        004e1d00 f   secondary.obj
 0001:000e0e00       _ScatterWeapons            004e1e00 f   secondary.obj
 0001:000e2cb0       _GenerateSecondaryPickups  004e3cb0 f   secondary.obj
 0001:000e36c0       _GetCurSecAmmo             004e46c0 f   secondary.obj
 0001:000e36f0       _SecondarySelectControl    004e46f0 f   secondary.obj
 0001:000e3840       _GetBestMine               004e4840 f   secondary.obj
 0001:000e3940       _DropMine                  004e4940 f   secondary.obj
 0001:000e3e20       _TargetClosestShip         004e4e20 f   secondary.obj
 0001:000e4060       _StillGotTarget            004e5060 f   secondary.obj
 0001:000e4450       _CreateScatterTrail        004e5450 f   secondary.obj
 0001:000e5040       _CreateBigFlash            004e6040 f   secondary.obj
 0001:000e5210       _CreateMuzzleFlash         004e6210 f   secondary.obj
 0001:000e5400       _FireSecondaryWeapons      004e6400 f   secondary.obj
 0001:000e5f90       _DestroySecondary          004e6f90 f   secondary.obj
[...]
 0003:002d2c7a       $SG91236                   00851c7a     title.obj
 0003:002d2c7b       $SG91249                   00851c7b     title.obj
 0003:002d2c7c       $SG91263                   00851c7c     title.obj
 0003:002d2c7d       $SG91352                   00851c7d     title.obj
 0003:002d2c7e       $SG91411                   00851c7e     title.obj
 0003:002d2c8b       $SG91656                   00851c8b     title.obj
 0003:002d2cac       $SG91658                   00851cac     title.obj
 0003:002dee56       $SG87132                   0085de56     title.obj
 0003:002dee57       $SG87153                   0085de57     title.obj
 0003:002e2e7c       $SG87154                   00861e7c     title.obj
 0003:002e2e7d       $SG87155                   00861e7d     title.obj
 0003:002e2e7e       $SG87156                   00861e7e     title.obj
 0003:002e2e7f       $SG87157                   00861e7f     title.obj
 0003:002e6ea4       $SG87192                   00865ea4     title.obj
 0003:002e6ea5       $SG87193                   00865ea5     title.obj
 0003:002e6ea6       $SG87195                   00865ea6     title.obj
 0003:002eaee5       $SG87220                   00869ee5     title.obj
 0003:002eaee6       $SG87221                   00869ee6     title.obj
 0003:002eaee7       $SG87222                   00869ee7     title.obj
 0003:002eaf6c       $SG87223                   00869f6c     title.obj
 0003:002eaf6d       $SG87225                   00869f6d     title.obj
 0003:002eaf6e       $SG87240                   00869f6e     title.obj
 0003:002eaf6f       $SG87241                   00869f6f     title.obj
 0003:002eef94       $SG87243                   0086df94     title.obj
 0003:002eef95       $SG87258                   0086df95     title.obj
 0003:002eef96       $SG87259                   0086df96     title.obj
 0003:002eef97       $SG87261                   0086df97     title.obj
 0003:002f2fbc       $SG87283                   00871fbc     title.obj
 0003:002f2fbd       $SG87286                   00871fbd     title.obj
 0003:002f2fbe       $SG87288                   00871fbe     title.obj
 0003:002f2fbf       $SG87305                   00871fbf     title.obj
 0003:002f6fe4       $SG87306                   00875fe4     title.obj
 0003:002f6fe5       $SG87308                   00875fe5     title.obj
 0003:002f6fe6       $SG87325                   00875fe6     title.obj
 0003:002f6fe7       $SG87326                   00875fe7     title.obj
 0003:002fb224       $SG87328                   0087a224     title.obj
 0003:002fb225       $SG87341                   0087a225     title.obj
 0003:002fb226       $SG87343                   0087a226     title.obj
 0003:002fb227       $SG87387                   0087a227     title.obj
 0003:002fb43c       $SG87391                   0087a43c     title.obj
 0003:002fb43d       $SG87392                   0087a43d     title.obj
 0003:002fb43e       $SG87393                   0087a43e     title.obj
 0003:002fb43f       $SG87394                   0087a43f     title.obj
 0003:002fb654       $SG87395                   0087a654     title.obj
 0003:002fb655       $SG87396                   0087a655     title.obj
 0003:002fb656       $SG87397                   0087a656     title.obj
 0003:002fb657       $SG87399                   0087a657     title.obj
 0003:002fb880       $SG87419                   0087a880     title.obj
 0003:002fb881       $SG87420                   0087a881     title.obj
 0003:002fb882       $SG87421                   0087a882     title.obj
 0003:002fb883       $SG87422                   0087a883     title.obj
 0003:002fb884       $SG87423                   0087a884     title.obj
 0003:002fb885       $SG87429                   0087a885     title.obj
 0003:002fb886       $SG87473                   0087a886     title.obj
 0003:002fb887       $SG87488                   0087a887     title.obj
 0003:002fb888       $SG87532                   0087a888     title.obj
 0003:002fb889       $SG87547                   0087a889     title.obj
 0003:002fb88a       $SG87587                   0087a88a     title.obj
 0003:002fb88b       $SG87600                   0087a88b     title.obj
 0003:002fb88c       $SG87626                   0087a88c     title.obj
 0003:002fb88d       $SG87634                   0087a88d     title.obj
 0003:002fb88e       $SG87676                   0087a88e     title.obj
 0003:002fb88f       $SG87680                   0087a88f     title.obj
 0003:002fb890       $SG87682                   0087a890     title.obj
 0003:002fb891       $SG87691                   0087a891     title.obj
 0003:002fb892       $SG87698                   0087a892     title.obj
 0003:002fb893       $SG87722                   0087a893     title.obj
 0003:002fb894       $SG87724                   0087a894     title.obj
 0003:002fb895       $SG87727                   0087a895     title.obj
 0003:002fb896       $SG87751                   0087a896     title.obj
 0003:002fb897       $SG87753                   0087a897     title.obj
 0003:002fb898       $SG87756                   0087a898     title.obj
 0003:002fb899       $SG87945                   0087a899     title.obj
 0003:002fb89a       $SG87995                   0087a89a     title.obj
 0003:002fb8a9       $SG88129                   0087a8a9     title.obj
 0003:002fb8aa       $SG88164                   0087a8aa     title.obj
 0003:002fb8ab       $SG88184                   0087a8ab     title.obj
 0003:002fb8b0       $SG88190                   0087a8b0     title.obj
 0003:002fb8b1       $SG88390                   0087a8b1     title.obj
 0003:002fb8b2       $SG88443                   0087a8b2     title.obj
 0003:002fb8b3       $SG88480                   0087a8b3     title.obj
 0003:002fb8b4       $SG88482                   0087a8b4     title.obj
 0003:002fb8b5       $SG88483                   0087a8b5     title.obj
 0003:002fb8b6       $SG88491                   0087a8b6     title.obj
 0003:002fb8b7       $SG88492                   0087a8b7     title.obj
 0003:002fb8b8       $SG88493                   0087a8b8     title.obj
 0003:002fb8b9       $SG88506                   0087a8b9     title.obj
 0003:002fb8ba       $SG88509                   0087a8ba     title.obj
 0003:002fb8bb       $SG88530                   0087a8bb     title.obj
 0003:002fb8bc       $SG88535                   0087a8bc     title.obj
 0003:002fb8bd       $SG88560                   0087a8bd     title.obj
 0003:002fb8be       $SG88568                   0087a8be     title.obj
 0003:002fb8bf       $SG88595                   0087a8bf     title.obj
 0003:002fb8c0       $SG88603                   0087a8c0     title.obj
 0003:002fb8c1       $SG88623                   0087a8c1     title.obj
 0003:002fb8c2       $SG88625                   0087a8c2     title.obj
 0003:002fb8c3       $SG88710                   0087a8c3     title.obj
 0003:002fb8c4       $SG88741                   0087a8c4     title.obj
 0003:002fb8c5       $SG88751                   0087a8c5     title.obj
 0003:002fb8c6       $SG88785                   0087a8c6     title.obj
 0003:002fb8c7       $SG88788                   0087a8c7     title.obj
 0003:002fb8c8       $SG88789                   0087a8c8     title.obj
 0003:002fb8c9       $SG88790                   0087a8c9     title.obj
 0003:002fb8ca       $SG88791                   0087a8ca     title.obj
 0003:002fb8cb       $SG88792                   0087a8cb     title.obj
 0003:002fb8cc       $SG88794                   0087a8cc     title.obj
 0003:002fb8cd       $SG88829                   0087a8cd     title.obj
 0003:002fb8ce       $SG88832                   0087a8ce     title.obj
 0003:002fb8cf       $SG88833                   0087a8cf     title.obj
 0003:002fb8d0       $SG88834                   0087a8d0     title.obj
 0003:002fb8d1       $SG88835                   0087a8d1     title.obj
 0003:002fb8d2       $SG88836                   0087a8d2     title.obj
 0003:002fb8d3       $SG88838                   0087a8d3     title.obj
 0003:002fb8d4       $SG88906                   0087a8d4     title.obj
 0003:002fb8d5       $SG88907                   0087a8d5     title.obj
 0003:002fb8d6       $SG88908                   0087a8d6     title.obj
 0003:002fb8d7       $SG88909                   0087a8d7     title.obj
 0003:002fb9d7       $SG88914                   0087a9d7     title.obj
 0003:002fb9d8       $SG88990                   0087a9d8     title.obj
 0003:002fb9d9       $SG88999                   0087a9d9     title.obj
 0003:002fb9da       $SG89000                   0087a9da     title.obj
 0003:002fb9db       $SG89001                   0087a9db     title.obj
 0003:002fb9dc       $SG89002                   0087a9dc     title.obj
 0003:002fb9dd       $SG89003                   0087a9dd     title.obj
 0003:002fb9de       $SG89004                   0087a9de     title.obj
 0003:002fb9df       $SG89005                   0087a9df     title.obj
 0003:002fb9e0       $SG89006                   0087a9e0     title.obj
 0003:002fb9e1       $SG89039                   0087a9e1     title.obj
 0003:002fb9e2       $SG89040                   0087a9e2     title.obj
 0003:002fb9e3       $SG89041                   0087a9e3     title.obj
 0003:002fb9e4       $SG89047                   0087a9e4     title.obj
 0003:002fb9e5       $SG89048                   0087a9e5     title.obj
 0003:002fb9e6       $SG89070                   0087a9e6     title.obj
 0003:002fb9e7       $SG89072                   0087a9e7     title.obj
 0003:002fb9e8       $SG89074                   0087a9e8     title.obj
 0003:002fb9e9       $SG89075                   0087a9e9     title.obj
 0003:002fb9ea       $SG89089                   0087a9ea     title.obj
 0003:002fb9eb       $SG89091                   0087a9eb     title.obj
 0003:002fb9ec       $SG89092                   0087a9ec     title.obj
 0003:002fb9ed       $SG89106                   0087a9ed     title.obj
 0003:002fb9ee       $SG89108                   0087a9ee     title.obj
 0003:002fb9ef       $SG89109                   0087a9ef     title.obj
 0003:002fb9f0       $SG89142                   0087a9f0     title.obj
 0003:002fb9f1       $SG89143                   0087a9f1     title.obj
 0003:002fb9f2       $SG89150                   0087a9f2     title.obj
 0003:002fb9f3       $SG89151                   0087a9f3     title.obj
 0003:002fb9f4       $SG89152                   0087a9f4     title.obj
 0003:002fb9f5       $SG89158                   0087a9f5     title.obj
 0003:002fb9f6       $SG89177                   0087a9f6     title.obj
 0003:002fb9f7       $SG89211                   0087a9f7     title.obj
 0003:002fb9f8       $SG89235                   0087a9f8     title.obj
 0003:002fb9f9       $SG89265                   0087a9f9     title.obj
 0003:002fb9fa       $SG89266                   0087a9fa     title.obj
 0003:002fb9fb       $SG89267                   0087a9fb     title.obj
 0003:002fb9fc       $SG89268                   0087a9fc     title.obj
 0003:002fb9fd       $SG89269                   0087a9fd     title.obj
 0003:002fb9fe       $SG89270                   0087a9fe     title.obj
 0003:002fb9ff       $SG89271                   0087a9ff     title.obj
 0003:002fba00       $SG89272                   0087aa00     title.obj
 0003:002fba01       $SG89288                   0087aa01     title.obj
 0003:002fba02       $SG89291                   0087aa02     title.obj
 0003:002fba03       $SG89325                   0087aa03     title.obj
 0003:002fba04       $SG89332                   0087aa04     title.obj
 0003:002fba05       $SG89365                   0087aa05     title.obj
 0003:002fba06       $SG89372                   0087aa06     title.obj
 0003:002fba07       $SG89406                   0087aa07     title.obj
 0003:002fba08       $SG89413                   0087aa08     title.obj
 0003:002fba09       $SG89448                   0087aa09     title.obj
 0003:002fba0a       $SG89451                   0087aa0a     title.obj
 0003:002fba0b       $SG89455                   0087aa0b     title.obj
 0003:002fba0c       $SG89483                   0087aa0c     title.obj
 0003:002fba0d       $SG89490                   0087aa0d     title.obj
 0003:002fba0e       $SG89503                   0087aa0e     title.obj
 0003:002fba10       $SG89526                   0087aa10     title.obj
 0003:002fba11       $SG89528                   0087aa11     title.obj
 0003:002fba12       $SG89539                   0087aa12     title.obj
 0003:002fba13       $SG89541                   0087aa13     title.obj
 0003:002fba14       $SG89555                   0087aa14     title.obj
 0003:002fba15       $SG89569                   0087aa15     title.obj
 0003:002fba16       $SG89583                   0087aa16     title.obj
 0003:002fba17       $SG89610                   0087aa17     title.obj
 0003:002fba18       $SG89629                   0087aa18     title.obj
 0003:002fba19       $SG89677                   0087aa19     title.obj
 0003:002fba1a       $SG89679                   0087aa1a     title.obj
 0003:002fba1b       $SG89689                   0087aa1b     title.obj
 0003:002fba1c       $SG89690                   0087aa1c     title.obj
 0003:002fba1d       $SG89691                   0087aa1d     title.obj
 0003:002fba1e       $SG89692                   0087aa1e     title.obj
 0003:002fba1f       $SG89694                   0087aa1f     title.obj
 0003:002fba20       $SG89746                   0087aa20     title.obj
 0003:002fba21       $SG89748                   0087aa21     title.obj
 0003:002fba22       $SG89758                   0087aa22     title.obj
 0003:002fba23       $SG89759                   0087aa23     title.obj
 0003:002fba24       $SG89760                   0087aa24     title.obj
 0003:002fba25       $SG89761                   0087aa25     title.obj
 0003:002fba26       $SG89763                   0087aa26     title.obj
 0003:002fba27       $SG89806                   0087aa27     title.obj
 0003:002fba28       $SG89808                   0087aa28     title.obj
 0003:002fba29       $SG89817                   0087aa29     title.obj
 0003:002fba2a       $SG89818                   0087aa2a     title.obj
 0003:002fba2b       $SG89819                   0087aa2b     title.obj
 0003:002fba2c       $SG89820                   0087aa2c     title.obj
 0003:002fba2d       $SG89822                   0087aa2d     title.obj
 0003:002fba2e       $SG89846                   0087aa2e     title.obj
 0003:002fba2f       $SG89847                   0087aa2f     title.obj
 0003:002fba30       $SG89864                   0087aa30     title.obj
 0003:002fba31       $SG89865                   0087aa31     title.obj
 0003:002fba32       $SG89896                   0087aa32     title.obj
 0003:002fba33       $SG89912                   0087aa33     title.obj
 0003:002fba34       $SG89934                   0087aa34     title.obj
 0003:002fba35       $SG89935                   0087aa35     title.obj
 0003:002fba36       $SG89952                   0087aa36     title.obj
 0003:002fba37       $SG89965                   0087aa37     title.obj
 0003:002fba38       $SG89977                   0087aa38     title.obj
 0003:002fbc5c       $SG88861                   0087ac5c     title.obj
 0003:002fbc5d       $SG88882                   0087ac5d     title.obj
 0003:002fbc5e       $SG88885                   0087ac5e     title.obj
 0003:002fbc5f       $SG88888                   0087ac5f     title.obj
 0003:002fbc60       ?onceonly@?1??RotateAllDiscs@@9@9 0087ac60     title.obj
 0003:002fbc61       ?onceonly@?1??RotateOneDisc@@9@9 0087ac61     title.obj
 0003:002fbc62       $SG93438                   0087ac62     title.obj
 0003:002fbc63       $SG93439                   0087ac63     title.obj
 0003:002fbc64       ?theta@?1??MorphHoloLight@@9@9 0087ac64     title.obj
 0003:002fbc68       ?theta@?1??PulsateVDU@@9@9 0087ac68     title.obj
 0003:002fbc6c       $SG93800                   0087ac6c     title.obj
 0003:002fbc70       ?page@?1??DrawKeyDefPage@@9@9 0087ac70     title.obj
 0003:002fbcc0       ?col@?1??DrawKeyDefPage@@9@9 0087acc0     title.obj
 0003:002fbcc4       ?col@?1??DrawKeyDefHelp1@@9@9 0087acc4     title.obj
 0003:002fbcc8       ?help@?1??DrawKeyDefHelp1@@9@9 0087acc8     title.obj
 0003:002fbd18       ?help@?1??DrawKeyDefHelp2@@9@9 0087ad18     title.obj
 0003:002fbd68       ?col@?1??DrawKeyDefHelp2@@9@9 0087ad68     title.obj
 0003:002fbd6c       ?col@?1??DrawKeyDefHelp3@@9@9 0087ad6c     title.obj
 0003:002fbd70       ?help@?1??DrawKeyDefHelp3@@9@9 0087ad70     title.obj
 0003:002fbdf0       ?place@?1??DrawKeyDef@@9@9 0087adf0     title.obj
 0003:002fbe40       ?CurrentSpeechID@?1??InitBikeComputerMenu@@9@9 0087ae40     title.obj
 0003:002fbe44       ?len@?1??SearchKey@@9@9    0087ae44     title.obj
 0003:002fbe48       ?filepath@?1??SetPilotName@@9@9 0087ae48     title.obj
 0003:002fbf48       ?fname@?1??SetPilotNameInGame@@9@9 0087af48     title.obj
 0003:002fc048       ?fname@?1??RenamePilotName@@9@9 0087b048     title.obj
 0003:002fc148       ?search_key@?1??SearchKey@@9@9 0087b148     title.obj
 0003:002fc248       ?last_time@?1??SearchKey@@9@9 0087b248     title.obj
 0003:002fc24c       ?CurrentSpeechID@?1??ExitBikeComputerSelection@@9@9 0087b24c     title.obj
 0003:002fc250       ?VidTextSfxPause@?1??ProcessTextItems@@9@9 0087b250     title.obj
 0003:002fc254       ?theta@?1??ProcessTextItems@@9@9 0087b254     title.obj
 0003:002fc258       ?CurrentSpeechID@?1??TriggerBikeSpeech@@9@9 0087b258     title.obj
 0003:002fc260       ?fname@?1??DeletePilot@@9@9 0087b260     title.obj
 0003:002fc3c0       ?buf@?1??DebugPrintf@@9@9  0087b3c0     util.obj
 0003:003003c0       ?buf@?1??DebugPrintf_@@9@9 0087f3c0     util.obj
 0003:003043c0       ?logfile_fp@?1??DebugPuts@@9@9 008833c0     util.obj
 0003:003043c4       ?last@?1??DebugState@@9@9  008833c4     util.obj
 0003:003043dc       _GTabRowSize               008833dc     visi.obj
 0003:003043e0       _ConnectedGroup            008833e0     visi.obj
 0003:003047e4       _InitConnections           008837e4     visi.obj
 0003:003047e8       _VisibleGroup              008837e8     visi.obj
 0003:00304bec       ?failed@?2??GroupsAreIndirectVisible@@9@9 00883bec     visi.obj
 0003:00304bf0       _IndirectVisibleGroup      00883bf0     visi.obj
 0003:00304ff4       _clip_top                  00883ff4     visi.obj
 0003:00305000       _clip_bottom               00884000     visi.obj
 0003:0030500c       _clip_left                 0088400c     visi.obj
 0003:00305018       _clip_right                00884018     visi.obj
 0003:00305028       ?AddedVisible@?1??AddIndirectVisible@@9@9 00884028     visi.obj
 0003:00305144       ?last_file@?1??X_free@@9@9 00884144     xmem.obj
 0003:00305148       _qpclass                   00884148     luasocket:mime.obj
 0003:00305248       _qpunbase                  00884248     luasocket:mime.obj
 0003:00305348       _b64unbase                 00884348     luasocket:mime.obj
 0003:00305448       _timeBase                  00884448     enet:win32.obj
 0003:00305450       _initializedCRC32          00884450     enet:packet.obj
 0003:00305458       _crcTable                  00884458     enet:packet.obj
 0003:00305858       ?dummyCommand@?1??enet_peer_queue_incoming_command@@9@9 00884858     enet:peer.obj
 0003:003058b0       ?is_initialized_as_dll@@3_NA 008848b0     MSVCRT:utility.obj
 0003:003058b1       ?module_local_atexit_table_initialized@@3_NA 008848b1     MSVCRT:utility.obj
 0003:003058b4       ?module_local_atexit_table@@3U_onexit_table_t@@A 008848b4     MSVCRT:utility.obj
 0003:003058c0       ?module_local_at_quick_exit_table@@3U_onexit_table_t@@A 008848c0     MSVCRT:utility.obj
 0003:003058e0       _stdioRedirectEnabled      008848e0     SDLmain:SDLmain.obj
 0003:003058e8       _stdoutPath                008848e8     SDLmain:SDLmain.obj
 0003:003059f0       _stderrPath                008849f0     SDLmain:SDLmain.obj
